[38;2;180;180;198mapi-7d9f6c8-abcde   Running                                                                                             [m
[38;2;180;180;198mworker-0            CrashLoopBackOff                                                                                    [m
[38;2;180;180;198mcache-0      [m[38;2;185;188;208m╭────────────────────────────────────────────────────────────────────────────────────────────╮[m[38;2;180;180;198m             [m
[38;2;180;180;198m             [m[38;2;185;188;208m│[m [1;38;2;107;70;217m? help[m  [38;2;154;154;174mkeys for PODS view · globals below[m                                                 [38;2;185;188;208m│[m[38;2;180;180;198m             [m
[38;2;180;180;198m             [m[38;2;185;188;208m│[m[38;2;180;180;198m────────────────────────────────────────────────────────────────────────────────────────────[m[38;2;185;188;208m│[m[38;2;180;180;198m             [m
[38;2;180;180;198m             [m[38;2;185;188;208m│[m [1;38;2;89;54;184mPODS VIEW[m                      [1;38;2;89;54;184mSCOPE[m                          [1;38;2;89;54;184mGLOBAL[m                       [38;2;185;188;208m│[m[38;2;180;180;198m             [m
[38;2;180;180;198m             [m[38;2;185;188;208m│[m [38;2;107;70;217m↵[m[38;2;138;138;158m open[m                         [38;2;107;70;217mg[m[38;2;138;138;158m goto[m                         [38;2;107;70;217m↑↓ jk[m[38;2;138;138;158m move[m                   [38;2;185;188;208m│[m[38;2;180;180;198m             [m
[38;2;180;180;198m             [m[38;2;185;188;208m│[m [38;2;107;70;217ml[m[38;2;138;138;158m logs[m                         [38;2;107;70;217mn[m[38;2;138;138;158m namespace[m                    [38;2;107;70;217mesc[m[38;2;138;138;158m back[m                     [38;2;185;188;208m│[m[38;2;180;180;198m             [m
[38;2;180;180;198m             [m[38;2;185;188;208m│[m [38;2;107;70;217me[m[38;2;138;138;158m exec[m                         [38;2;107;70;217mc[m[38;2;138;138;158m context[m                      [38;2;107;70;217mU[m[38;2;138;138;158m what's new[m                 [38;2;185;188;208m│[m[38;2;180;180;198m             [m
[38;2;180;180;198m             [m[38;2;185;188;208m│[m [38;2;107;70;217mctrl-d[m[38;2;138;138;158m delete[m                  [38;2;107;70;217ma[m[38;2;138;138;158m all namespaces[m               [38;2;107;70;217m?[m[38;2;138;138;158m help[m                       [38;2;185;188;208m│[m[38;2;180;180;198m             [m
[38;2;180;180;198m             [m[38;2;185;188;208m│[m [38;2;107;70;217my[m[38;2;138;138;158m yaml[m                         [38;2;107;70;217m↵[m[38;2;138;138;158m toggles last[m                 [38;2;107;70;217mctrl+q[m[38;2;138;138;158m quit[m                  [38;2;185;188;208m│[m[38;2;180;180;198m             [m
[38;2;180;180;198m             [m[38;2;185;188;208m│[m[38;2;180;180;198m────────────────────────────────────────────────────────────────────────────────────────────[m[38;2;185;188;208m│[m[38;2;180;180;198m             [m
[38;2;180;180;198m             [m[38;2;185;188;208m│[m                                                                                  [38;2;107;70;217mesc[m[38;2;138;138;158m close[m [38;2;185;188;208m│[m[38;2;180;180;198m             [m
[38;2;180;180;198m             [m[38;2;185;188;208m╰────────────────────────────────────────────────────────────────────────────────────────────╯[m[38;2;180;180;198m             [m
[38;2;180;180;198m                                                                                                                        [m
[38;2;180;180;198m                                                                                                                        [m
[38;2;180;180;198m                                                                                                                        [m
[38;2;180;180;198m                                                                                                                        [m
[38;2;180;180;198m                                                                                                                        [m
[38;2;180;180;198m                                                                                                                        [m
[38;2;180;180;198m                                                                                                                        [m
[38;2;180;180;198m                                                                                                                        [m
[38;2;180;180;198m                                                                                                                        [m
[38;2;180;180;198m                                                                                                                        [m
[38;2;180;180;198m                                                                                                                        [m
[38;2;180;180;198m                                                                                                                        [m
[38;2;180;180;198m                                                                                                                        [m
[38;2;180;180;198m                                                                                                                        [m
[38;2;180;180;198m                                                                                                                        [m
[38;2;180;180;198m                                                                                                                        [m
[38;2;180;180;198m                                                                                                                        [m
[38;2;180;180;198m                                                                                                                        [m
[38;2;180;180;198m                                                                                                                        [m
[38;2;180;180;198m                                                                                                                        [m
[38;2;180;180;198m                                                                                                                        [m
  [38;2;107;70;217;48;2;236;229;251m HELP [m                                                                                                                