[38;2;179;179;198mapi-7d9f6c8-abcde   Running                                                                                             [0m
[38;2;179;179;198mworker-0            CrashLoopBackOff                                                                                    [0m
[38;2;179;179;198mcache-0      [0m[38;2;185;188;208m╭────────────────────────────────────────────────────────────────────────────────────────────╮[0m[38;2;179;179;198m             [0m
[38;2;179;179;198m             [0m[38;2;185;188;208m│[0m [1;38;2;107;70;217m? help[0m  [38;2;154;154;174mkeys for PODS view · globals below[0m                                                 [38;2;185;188;208m│[0m[38;2;179;179;198m             [0m
[38;2;179;179;198m             [0m[38;2;185;188;208m│[0m[38;2;179;179;198m────────────────────────────────────────────────────────────────────────────────────────────[0m[38;2;185;188;208m│[0m[38;2;179;179;198m             [0m
[38;2;179;179;198m             [0m[38;2;185;188;208m│[0m [1;38;2;89;54;184mPODS VIEW[0m                      [1;38;2;89;54;184mSCOPE[0m                          [1;38;2;89;54;184mGLOBAL[0m                       [38;2;185;188;208m│[0m[38;2;179;179;198m             [0m
[38;2;179;179;198m             [0m[38;2;185;188;208m│[0m [38;2;107;70;217m↵[0m[38;2;138;138;158m open[0m                         [38;2;107;70;217mg[0m[38;2;138;138;158m goto[0m                         [38;2;107;70;217m↑↓ jk[0m[38;2;138;138;158m move[0m                   [38;2;185;188;208m│[0m[38;2;179;179;198m             [0m
[38;2;179;179;198m             [0m[38;2;185;188;208m│[0m [38;2;107;70;217ml[0m[38;2;138;138;158m logs[0m                         [38;2;107;70;217mn[0m[38;2;138;138;158m namespace[0m                    [38;2;107;70;217mesc[0m[38;2;138;138;158m back[0m                     [38;2;185;188;208m│[0m[38;2;179;179;198m             [0m
[38;2;179;179;198m             [0m[38;2;185;188;208m│[0m [38;2;107;70;217me[0m[38;2;138;138;158m exec[0m                         [38;2;107;70;217mc[0m[38;2;138;138;158m context[0m                      [38;2;107;70;217mU[0m[38;2;138;138;158m what's new[0m                 [38;2;185;188;208m│[0m[38;2;179;179;198m             [0m
[38;2;179;179;198m             [0m[38;2;185;188;208m│[0m [38;2;107;70;217mctrl-d[0m[38;2;138;138;158m delete[0m                  [38;2;107;70;217ma[0m[38;2;138;138;158m all namespaces[0m               [38;2;107;70;217m?[0m[38;2;138;138;158m help[0m                       [38;2;185;188;208m│[0m[38;2;179;179;198m             [0m
[38;2;179;179;198m             [0m[38;2;185;188;208m│[0m [38;2;107;70;217my[0m[38;2;138;138;158m yaml[0m                         [38;2;107;70;217m↵[0m[38;2;138;138;158m toggles last[0m                 [38;2;107;70;217mq[0m[38;2;138;138;158m quit[0m                       [38;2;185;188;208m│[0m[38;2;179;179;198m             [0m
[38;2;179;179;198m             [0m[38;2;185;188;208m│[0m[38;2;179;179;198m────────────────────────────────────────────────────────────────────────────────────────────[0m[38;2;185;188;208m│[0m[38;2;179;179;198m             [0m
[38;2;179;179;198m             [0m[38;2;185;188;208m│[0m                                                                                  [38;2;107;70;217mesc[0m[38;2;138;138;158m close[0m [38;2;185;188;208m│[0m[38;2;179;179;198m             [0m
[38;2;179;179;198m             [0m[38;2;185;188;208m╰────────────────────────────────────────────────────────────────────────────────────────────╯[0m[38;2;179;179;198m             [0m
[38;2;179;179;198m                                                                                                                        [0m
[38;2;179;179;198m                                                                                                                        [0m
[38;2;179;179;198m                                                                                                                        [0m
[38;2;179;179;198m                                                                                                                        [0m
[38;2;179;179;198m                                                                                                                        [0m
[38;2;179;179;198m                                                                                                                        [0m
[38;2;179;179;198m                                                                                                                        [0m
[38;2;179;179;198m                                                                                                                        [0m
[38;2;179;179;198m                                                                                                                        [0m
[38;2;179;179;198m                                                                                                                        [0m
[38;2;179;179;198m                                                                                                                        [0m
[38;2;179;179;198m                                                                                                                        [0m
[38;2;179;179;198m                                                                                                                        [0m
[38;2;179;179;198m                                                                                                                        [0m
[38;2;179;179;198m                                                                                                                        [0m
[38;2;179;179;198m                                                                                                                        [0m
[38;2;179;179;198m                                                                                                                        [0m
[38;2;179;179;198m                                                                                                                        [0m
[38;2;179;179;198m                                                                                                                        [0m
[38;2;179;179;198m                                                                                                                        [0m
[38;2;179;179;198m                                                                                                                        [0m
  [38;2;107;70;217;48;2;236;229;251m HELP [0m                                                                                                                