browse                                                                          
                                                                                
            ╭─────────────────────────────────────────────────────╮             
            │ ns › type to filter namespaces  microk8s-cluster ·… │             
            │─────────────────────────────────────────────────────│             
            │   NAMESPACE             PODS   HEALTH         CPU   │             
            │─────────────────────────────────────────────────────│             
            │   default current       1      ●1               10% │             
            │▎▸ nva-prod previous     1      ●1               40% │             
            │   nva-stage             2      ●2               50% │             
            │─────────────────────────────────────────────────────│             
            │   ∗ all namespaces      4      ●4                   │             
            │─────────────────────────────────────────────────────│             
            │ ↵ switch  ↑↓ alt+jk move  1-9 recent      esc close │             
            ╰─────────────────────────────────────────────────────╯             
                                                                                
                                                                                
                                                                                
                                                                                
                                                                                
                                                                                
                                                                                
                                                                                
                                                                                