  kute │ cluster unavailable › nva-worker-9k2ss › logs · worker     ▲ starting  
────────────────────────────────────────────────────────────────────────────────
  ▲ waiting for container worker to start: ContainerCreating                    
────────────────────────────────────────────────────────────────────────────────
━━━━━━━━━━━━━━━━━━━━━━━━━━                                                      
━━━━━━━━━━━━━━━━━━━━━━━━                                                        
━━━━━━━━━━━━━━━━━━━━━━                                                          
━━━━━━━━━━━━━━━━━━━━━━━━━━                                                      
━━━━━━━━━━━━━━━━━━━━━━━━                                                        
━━━━━━━━━━━━━━━━━━━━━━                                                          
━━━━━━━━━━━━━━━━━━━━━━━━━━                                                      
━━━━━━━━━━━━━━━━━━━━━━━━                                                        
━━━━━━━━━━━━━━━━━━━━━━                                                          
━━━━━━━━━━━━━━━━━━━━━━━━━━                                                      
━━━━━━━━━━━━━━━━━━━━━━━━                                                        
━━━━━━━━━━━━━━━━━━━━━━                                                          
━━━━━━━━━━━━━━━━━━━━━━━━━━                                                      
━━━━━━━━━━━━━━━━━━━━━━━━                                                        
━━━━━━━━━━━━━━━━━━━━━━                                                          
━━━━━━━━━━━━━━━━━━━━━━━━━━                                                      
▲ waiting for container worker to start: ContainerCreating                      
                                                                                
────────────────────────────────────────────────────────────────────────────────
   LOGS  space pause  w/e prev/next warn/err │ s since 15m  tab cycle contain...