  [1;38;2;167;139;250mkute[m[38;2;68;68;92m │ [m[38;2;103;103;128m⇄ forward › [m[1;38;2;240;240;250mnva-worker-9k2ss[m                                                                      [38;2;52;209;123m● connected[m  
[38;2;68;68;92m────────────────────────────────────────────────────────────────────────────────────────────────────────────────────────[m
                                                                                                                        
                                                                                                                        
                                                                                                                        
                                                                                                                        
                                                                                                                        
                                                                                                                        
                                                                                                                        
                                                                                                                        
                                                                                                                        
                                                                                                                        
                                                                                                                        
                           [38;2;59;59;88m╭────────────────────────────────────────────────────────────────╮[m                           
                           [38;2;59;59;88m│[m                                                                [38;2;59;59;88m│[m                           
                           [38;2;59;59;88m│[m  [38;2;216;216;232m[1;38;2;167;139;250m⇄ forward › [m[38;2;216;216;232mnva-worker-9k2ss[m       [38;2;85;85;110mpod · nva-stage · 2 ports[m[m  [38;2;59;59;88m│[m                           
                           [38;2;59;59;88m│[m  [38;2;216;216;232m[m                                                              [38;2;59;59;88m│[m                           
                           [38;2;59;59;88m│[m  [38;2;216;216;232m[38;2;167;139;250m▸ [m[38;2;52;209;123;48;2;29;22;51m●[m [1;38;2;240;240;250;48;2;29;22;51m80/http[m  [38;2;85;85;110;48;2;29;22;51mcontainer web[m                   [38;2;154;154;178;48;2;29;22;51mlocalhost:8080[m[m   [38;2;59;59;88m│[m                           
                           [38;2;59;59;88m│[m  [38;2;216;216;232m  [38;2;52;209;123m●[m [38;2;240;240;250m9090/metrics[m  [38;2;85;85;110mcontainer worker[m           [38;2;154;154;178mlocalhost:9090[m[m   [38;2;59;59;88m│[m                           
                           [38;2;59;59;88m│[m  [38;2;216;216;232m[m                                                              [38;2;59;59;88m│[m                           
                           [38;2;59;59;88m│[m  [38;2;216;216;232m[38;2;68;68;92mwill run  [m[38;2;154;154;178mkubectl port-forward pod/nva-worker-9k2ss 8080:80…[m[m  [38;2;59;59;88m│[m                           
                           [38;2;59;59;88m│[m                                                                [38;2;59;59;88m│[m                           
                           [38;2;59;59;88m╰────────────────────────────────────────────────────────────────╯[m                           
                                                                                                                        
                                                                                                                        
                                                                                                                        
                                                                                                                        
                                                                                                                        
                                                                                                                        
                                                                                                                        
                                                                                                                        
                                                                                                                        
                                                                                                                        
                                                                                                                        
[38;2;68;68;92m────────────────────────────────────────────────────────────────────────────────────────────────────────────────────────[m
  [38;2;167;139;250;48;2;29;22;51m FORWARD [m [38;2;167;139;250m↵[m[38;2;103;103;128m start[m  [38;2;167;139;250m0-9[m[38;2;103;103;128m type local port[m  [38;2;167;139;250m↑↓[m[38;2;103;103;128m port[m                                                           [38;2;167;139;250mesc[m[38;2;103;103;128m cancel[m  