  [1;38;2;107;70;217mkute[m[38;2;180;180;198m │ [m[38;2;138;138;158m⇄ forward › [m[1;38;2;20;20;28mnva-worker-9k2ss[m                                                                      [38;2;20;138;78m● connected[m  
[38;2;180;180;198m────────────────────────────────────────────────────────────────────────────────────────────────────────────────────────[m
                                                                                                                        
                                                                                                                        
                                                                                                                        
                                                                                                                        
                                                                                                                        
                                                                                                                        
                                                                                                                        
                                                                                                                        
                                                                                                                        
                                                                                                                        
                                                                                                                        
                           [38;2;185;188;208m╭────────────────────────────────────────────────────────────────╮[m                           
                           [38;2;185;188;208m│[m                                                                [38;2;185;188;208m│[m                           
                           [38;2;185;188;208m│[m  [38;2;42;42;56m[1;38;2;107;70;217m⇄ forward › [m[38;2;42;42;56mnva-worker-9k2ss[m       [38;2;154;154;174mpod · nva-stage · 2 ports[m[m  [38;2;185;188;208m│[m                           
                           [38;2;185;188;208m│[m  [38;2;42;42;56m[m                                                              [38;2;185;188;208m│[m                           
                           [38;2;185;188;208m│[m  [38;2;42;42;56m[38;2;107;70;217m▸ [m[38;2;20;138;78;48;2;236;229;251m●[m [1;38;2;20;20;28;48;2;236;229;251m80/http[m  [38;2;154;154;174;48;2;236;229;251mcontainer web[m                   [38;2;86;86;104;48;2;236;229;251mlocalhost:8080[m[m   [38;2;185;188;208m│[m                           
                           [38;2;185;188;208m│[m  [38;2;42;42;56m  [38;2;20;138;78m●[m [38;2;20;20;28m9090/metrics[m  [38;2;154;154;174mcontainer worker[m           [38;2;86;86;104mlocalhost:9090[m[m   [38;2;185;188;208m│[m                           
                           [38;2;185;188;208m│[m  [38;2;42;42;56m[m                                                              [38;2;185;188;208m│[m                           
                           [38;2;185;188;208m│[m  [38;2;42;42;56m[38;2;180;180;198mwill run  [m[38;2;86;86;104mkubectl port-forward pod/nva-worker-9k2ss 8080:80…[m[m  [38;2;185;188;208m│[m                           
                           [38;2;185;188;208m│[m                                                                [38;2;185;188;208m│[m                           
                           [38;2;185;188;208m╰────────────────────────────────────────────────────────────────╯[m                           
                                                                                                                        
                                                                                                                        
                                                                                                                        
                                                                                                                        
                                                                                                                        
                                                                                                                        
                                                                                                                        
                                                                                                                        
                                                                                                                        
                                                                                                                        
                                                                                                                        
[38;2;180;180;198m────────────────────────────────────────────────────────────────────────────────────────────────────────────────────────[m
  [38;2;107;70;217;48;2;236;229;251m FORWARD [m [38;2;107;70;217m↵[m[38;2;138;138;158m start[m  [38;2;107;70;217m0-9[m[38;2;138;138;158m type local port[m  [38;2;107;70;217m↑↓[m[38;2;138;138;158m port[m                                                           [38;2;107;70;217mesc[m[38;2;138;138;158m cancel[m  