  kute                                                                                                    ○ no cluster  
────────────────────────────────────────────────────────────────────────────────────────────────────────────────────────
                                                                                                                        
                                                                                                                        
                                                                                                                        
                                                                                                                        
                                                                                                                        
                                                                                                                        
                                                                                                                        
                                                                                                                        
                                                                                                                        
                            ██  ██  ██  ██  ██████  ██████                                                              
                            ██ ██   ██  ██    ██    ██        kute                                                      
                            ████    ██  ██    ██    █████     a console for your clusters                               
                            ██ ██   ██  ██    ██    ██                                                                  
                            ██  ██   ████     ██    ██████    v0.1.0-dev                                                
                                                                                                                        
                            no kubeconfig found                                                                         
                            ╭──────────────────────────────────────────────────────────╮                                
                            │  LOOKED IN                                               │                                
                            │  ✕ $KUBECONFIG — not set                                 │                                
                            │  ✕ ~/.kube/config /home/dev/.kube/config — no such file  │                                
                            ╰──────────────────────────────────────────────────────────╯                                
                                   get a kubeconfig from your cluster provider or run                                   
                aws eks update-kubeconfig · gcloud container clusters get-credentials · microk8s config                 
                                                                                                                        
                                                                                                                        
                                                                                                                        
                                                                                                                        
                                                                                                                        
                                                                                                                        
                                                                                                                        
                                                                                                                        
                                                                                                                        
────────────────────────────────────────────────────────────────────────────────────────────────────────────────────────
   SETUP  r retry  k enter kubeconfig path                                                                      q quit  