  [1;38;2;167;139;250mkute[m[38;2;51;51;74m │ [m[38;2;103;103;128mmicrok8s-cluster[m                                                                          [38;2;239;106;106m◌ connecting failed[m  
[38;2;68;68;92m────────────────────────────────────────────────────────────────────────────────────────────────────────────────────────[m
                                                                                                                        
                                                                                                                        
                                                                                                                        
                                                                                                                        
                                                                                                                        
                                                                                                                        
                                                                                                                        
                                                                                                                        
                                                                                                                        
                                                                                                                        
                            [38;2;239;106;106m✕[m [1;38;2;240;240;250mmicrok8s-cluster is unreachable[m     [38;2;85;85;110mretrying in 8s · attempt 2[m                            
                            [38;2;58;42;48m╭────────────────────────────────────────────────────────────╮[m                              
                            [38;2;58;42;48m│[m [38;2;201;138;138mdial tcp 10.0.0.5:16443: i/o timeout[m                       [38;2;58;42;48m│[m                              
                            [38;2;58;42;48m╰────────────────────────────────────────────────────────────╯[m                              
                                                                                                                        
                            [38;2;85;85;110mSWITCH CONTEXT[m                                                                              
                            [38;2;28;28;44m╭────────────────────────────────────────────────────────────╮[m                              
                            [38;2;28;28;44m│[m   [38;2;239;106;106m✕[m [38;2;154;154;178mmicrok8s-cluster[m [38;2;68;68;92m(current · unreachable)[m               [38;2;28;28;44m│[m                              
                            [38;2;28;28;44m│[m [48;2;29;22;51m  [m[38;2;52;209;123;48;2;29;22;51m●[m[48;2;29;22;51m [m[38;2;154;154;178;48;2;29;22;51mprod-eks[m[48;2;29;22;51m [m[38;2;68;68;92;48;2;29;22;51m(reachable · 32ms)[m[48;2;29;22;51m                           [m [38;2;28;28;44m│[m                              
                            [38;2;28;28;44m│[m   [38;2;232;199;74m◌[m [38;2;154;154;178mkind-local[m [38;2;68;68;92m(probing…)[m                                  [38;2;28;28;44m│[m                              
                            [38;2;28;28;44m╰────────────────────────────────────────────────────────────╯[m                              
                                                                                                                        
                                                                                                                        
                                                                                                                        
                                                                                                                        
                                                                                                                        
                                                                                                                        
                                                                                                                        
                                                                                                                        
                                                                                                                        
                                                                                                                        
                                                                                                                        
[38;2;68;68;92m────────────────────────────────────────────────────────────────────────────────────────────────────────────────────────[m
  [38;2;239;106;106;48;2;42;20;24m NO CLUSTER [m [38;2;167;139;250m↵[m[38;2;103;103;128m connect to selected[m  [38;2;167;139;250mc[m[38;2;103;103;128m context[m  [38;2;167;139;250mr[m[38;2;103;103;128m retry[m  [38;2;167;139;250me[m[38;2;103;103;128m edit kubeconfig path[m                                        