  kute │ microk8s-cluster                                  ◌ connecting failed  
────────────────────────────────────────────────────────────────────────────────
                                                                                
                                                                                
                                                                                
                                                                                
        ✕ microk8s-cluster is unreachable     retrying in 8s · attempt 2        
        ╭────────────────────────────────────────────────────────────╮          
        │ dial tcp 10.0.0.5:16443: i/o timeout                       │          
        ╰────────────────────────────────────────────────────────────╯          
                                                                                
        SWITCH CONTEXT                                                          
        ╭────────────────────────────────────────────────────────────╮          
        │   ✕ microk8s-cluster (current · unreachable)               │          
        │   ● prod-eks (reachable · 32ms)                            │          
        │   ◌ kind-local (probing…)                                  │          
        ╰────────────────────────────────────────────────────────────╯          
                                                                                
                                                                                
                                                                                
                                                                                
                                                                                
────────────────────────────────────────────────────────────────────────────────
   NO CLUSTER  ↵ connect to selected  c context  r retry  e edit kubeconfig path