  [1;38;2;107;70;217mkute[m[38;2;198;198;212m │ [m[38;2;138;138;158mmicrok8s-cluster[m                                                                          [38;2;204;58;58m◌ connecting failed[m  
[38;2;180;180;198m────────────────────────────────────────────────────────────────────────────────────────────────────────────────────────[m
                                                                                                                        
                                                                                                                        
                                                                                                                        
                                                                                                                        
                                                                                                                        
                                                                                                                        
                                                                                                                        
                                                                                                                        
                                                                                                                        
                                                                                                                        
                            [38;2;204;58;58m✕[m [1;38;2;20;20;28mmicrok8s-cluster is unreachable[m     [38;2;154;154;174mretrying in 8s · attempt 2[m                            
                            [38;2;220;201;205m╭────────────────────────────────────────────────────────────╮[m                              
                            [38;2;220;201;205m│[m [38;2;176;104;104mdial tcp 10.0.0.5:16443: i/o timeout[m                       [38;2;220;201;205m│[m                              
                            [38;2;220;201;205m╰────────────────────────────────────────────────────────────╯[m                              
                                                                                                                        
                            [38;2;154;154;174mSWITCH CONTEXT[m                                                                              
                            [38;2;228;230;238m╭────────────────────────────────────────────────────────────╮[m                              
                            [38;2;228;230;238m│[m   [38;2;204;58;58m✕[m [38;2;86;86;104mmicrok8s-cluster[m [38;2;180;180;198m(current · unreachable)[m               [38;2;228;230;238m│[m                              
                            [38;2;228;230;238m│[m [48;2;236;229;251m  [m[38;2;20;138;78;48;2;236;229;251m●[m[48;2;236;229;251m [m[38;2;86;86;104;48;2;236;229;251mprod-eks[m[48;2;236;229;251m [m[38;2;180;180;198;48;2;236;229;251m(reachable · 32ms)[m[48;2;236;229;251m                           [m [38;2;228;230;238m│[m                              
                            [38;2;228;230;238m│[m   [38;2;168;123;10m◌[m [38;2;86;86;104mkind-local[m [38;2;180;180;198m(probing…)[m                                  [38;2;228;230;238m│[m                              
                            [38;2;228;230;238m╰────────────────────────────────────────────────────────────╯[m                              
                                                                                                                        
                                                                                                                        
                                                                                                                        
                                                                                                                        
                                                                                                                        
                                                                                                                        
                                                                                                                        
                                                                                                                        
                                                                                                                        
                                                                                                                        
                                                                                                                        
[38;2;180;180;198m────────────────────────────────────────────────────────────────────────────────────────────────────────────────────────[m
  [38;2;204;58;58;48;2;245;222;222m NO CLUSTER [m [38;2;107;70;217m↵[m[38;2;138;138;158m connect to selected[m  [38;2;107;70;217mc[m[38;2;138;138;158m context[m  [38;2;107;70;217mr[m[38;2;138;138;158m retry[m  [38;2;107;70;217me[m[38;2;138;138;158m edit kubeconfig path[m                                        