  [38;2;93;219;164m❯[m[1;38;2;240;240;250m kute[m[38;2;51;51;74m │ [m[38;2;103;103;128mmicrok8s-cluster[m[38;2;68;68;92m › [m[38;2;167;139;250margocd[m[38;2;68;68;92m › [m[1;38;2;240;240;250mApplications[m[38;2;85;85;110m argoproj.io/v1alpha1[m[38;2;85;85;110m  g goto  n namespace  c context[m   [38;2;52;209;123m● connected[m  
[38;2;68;68;92m────────────────────────────────────────────────────────────────────────────────────────────────────────────────────────[m
  [38;2;52;209;123m●[m [38;2;216;216;232m1[m [38;2;103;103;128mhealthy[m   [38;2;232;199;74m▲[m [38;2;216;216;232m1[m [38;2;103;103;128mout of sync[m   [38;2;239;106;106m✕[m [38;2;216;216;232m1[m [38;2;103;103;128mdegraded[m   [38;2;106;168;239m◌[m [38;2;216;216;232m1[m [38;2;103;103;128mprogressing[m                                        [38;2;103;103;128m4 applications[m  
[38;2;51;51;74m────────────────────────────────────────────────────────────────────────────────────────────────────────────────────────[m
  [38;2;85;85;110m[m   [38;2;85;85;110mNAME[m                                                [38;2;85;85;110mSYNC[m         [38;2;85;85;110mHEALTH[m         [38;2;85;85;110mREVISION[m          [38;2;85;85;110mSYNCED[m      [38;2;85;85;110mAGE[m  
[38;2;51;51;74m────────────────────────────────────────────────────────────────────────────────────────────────────────────────────────[m
[38;2;167;139;250;48;2;29;22;51m▎[m[48;2;29;22;51m [m[38;2;239;106;106;48;2;29;22;51m✕[m[48;2;29;22;51m  [m[38;2;240;240;250;48;2;29;22;51mbilling[m[48;2;29;22;51m                                           [m[48;2;29;22;51m  [m[38;2;154;154;178;48;2;29;22;51mSynced[m[48;2;29;22;51m     [m[48;2;29;22;51m  [m[38;2;239;106;106;48;2;29;22;51mDegraded[m[48;2;29;22;51m     [m[48;2;29;22;51m  [m[38;2;103;103;128;48;2;29;22;51mmain@e41b90c[m[48;2;29;22;51m    [m[48;2;29;22;51m  [m[38;2;103;103;128;48;2;29;22;51m11m ago[m[48;2;29;22;51m [m[48;2;29;22;51m  [m[48;2;29;22;51m  [m[38;2;103;103;128;48;2;29;22;51m92d[m[48;2;29;22;51m  [m
[38;2;201;138;138m    Deployment/billing-api: container "api" is in CrashLoopBackOff — exit 1, 2m ago                                   [m[38;2;201;138;138m  [m
[38;2;103;103;128m  [m[38;2;232;199;74m▲[m[38;2;103;103;128m  [m[38;2;216;216;232mfrontend[m[38;2;103;103;128m                                          [m[38;2;103;103;128m  [m[38;2;232;199;74mOutOfSync[m[38;2;103;103;128m  [m[38;2;103;103;128m  [m[38;2;154;154;178mHealthy[m[38;2;103;103;128m      [m[38;2;103;103;128m  [m[38;2;103;103;128mmain@e41b90c[m[38;2;103;103;128m    [m[38;2;103;103;128m  [m[38;2;103;103;128m2h ago[m[38;2;103;103;128m  [m[38;2;103;103;128m  [m[38;2;103;103;128m  [m[38;2;103;103;128m92d[m[38;2;103;103;128m  [m
[38;2;85;85;110m  + 2 healthy · ↹ expand                                                                                              [m[38;2;85;85;110m  [m
[38;2;68;68;92m  1–4 of 4                                                                                                      ██████  [m
                                                                                                                        
                                                                                                                        
                                                                                                                        
                                                                                                                        
                                                                                                                        
                                                                                                                        
                                                                                                                        
                                                                                                                        
                                                                                                                        
                                                                                                                        
                                                                                                                        
                                                                                                                        
                                                                                                                        
                                                                                                                        
                                                                                                                        
                                                                                                                        
                                                                                                                        
                                                                                                                        
                                                                                                                        
                                                                                                                        
                                                                                                                        
                                                                                                                        
                                                                                                                        
[38;2;68;68;92m────────────────────────────────────────────────────────────────────────────────────────────────────────────────────────[m
  [38;2;167;139;250;48;2;29;22;51m ARGOAPP [m [38;2;167;139;250mr[m[38;2;103;103;128m refresh[m  [38;2;167;139;250mS[m[38;2;103;103;128m sync[m  [38;2;167;139;250mu[m[38;2;103;103;128m dashboard url[m[38;2;38;38;58m │ [m[38;2;167;139;250mD[m[38;2;103;103;128m delete[m                                                       [38;2;167;139;250m?[m[38;2;103;103;128m help[m  