  [1;38;2;167;139;250mkute[0m[38;2;51;51;73m │ [0m[38;2;103;103;128mmicrok8s-cluster[0m[38;2;68;68;92m › [0m[38;2;167;139;250mnva-stage[0m[38;2;68;68;92m › [0m[1;38;2;240;240;250mPods[0m[38;2;85;85;110m (g to jump)[0m                                                   [38;2;52;209;123m● connected[0m  
[38;2;68;68;92m────────────────────────────────────────────────────────────────────────────────────────────────────────────────────────[0m
  [38;2;52;209;123m●[0m [38;2;216;216;232m1[0m [38;2;103;103;128mrunning[0m                                                                                                   [38;2;103;103;128m1 pods[0m  
[38;2;51;51;73m────────────────────────────────────────────────────────────────────────────────────────────────────────────────────────[0m
                                                                                                                        
                                                                                                                        
                                                                                                                        
                                                                                                                        
                                                                                                                        
                                                                                                                        
                                                                                                                        
                                                                                                                        
                                                                                                                        
                           [38;2;92;42;42m╭────────────────────────────────────────────────────────────────╮[0m                           
                           [38;2;92;42;42m│[0m                                                                [38;2;92;42;42m│[0m                           
                           [38;2;92;42;42m│[0m   [1;38;2;239;105;105m✕ Delete Pod nva-worker-9k2ss?[0m                [1;38;2;239;154;154mPROD CONTEXT[0m   [38;2;92;42;42m│[0m                           
                           [38;2;92;42;42m│[0m   [38;2;154;154;178mgrace period 30s applies · ctrl-k force delete (immediate)[0m   [38;2;92;42;42m│[0m                           
                           [38;2;92;42;42m│[0m                                                                [38;2;92;42;42m│[0m                           
                           [38;2;92;42;42m│[0m   [38;2;154;154;178mtype "nva-worker-9k2ss" to confirm[0m                           [38;2;92;42;42m│[0m                           
                           [38;2;92;42;42m│[0m   [38;2;240;240;250mnva-worker█[0m  [38;2;85;85;110m10/16[0m                                           [38;2;92;42;42m│[0m                           
                           [38;2;92;42;42m│[0m   [38;2;68;68;92m──────────────────────────────────────────────────────────[0m   [38;2;92;42;42m│[0m                           
                           [38;2;92;42;42m│[0m   [38;2;239;105;105m↵[0m[38;2;103;103;128m delete (when name matches)[0m   [38;2;239;105;105mesc[0m[38;2;103;103;128m cancel[0m                    [38;2;92;42;42m│[0m                           
                           [38;2;92;42;42m│[0m                                                                [38;2;92;42;42m│[0m                           
                           [38;2;92;42;42m╰────────────────────────────────────────────────────────────────╯[0m                           
                                                                                                                        
                                                                                                                        
                                                                                                                        
                                                                                                                        
                                                                                                                        
                                                                                                                        
                                                                                                                        
                                                                                                                        
                                                                                                                        
                                                                                                                        
[38;2;68;68;92m────────────────────────────────────────────────────────────────────────────────────────────────────────────────────────[0m
  [38;2;239;105;105;48;2;42;20;24m CONFIRM [0m                                                                                                             