  ❯ kute │ microk8s-cluster › nva-stage › Pods  g goto  n namespace  c context  
────────────────────────────────────────────────────────────────────────────────
  ● 1 running                                                           1 pods  
────────────────────────────────────────────────────────────────────────────────
     NAME    RDY    STATUS ↑          ↺     CPU           MEM           NODE   …
────────────────────────────────────────────────────────────────────────────────
▎ ●  api-0   1/1    Running           0          – –           – –      –    ...
  1–1 of 1                                                              ██████  
                                                                                
                                                                                
                                                                                
                                                                                
                                                                                
                                                                                
                                                                                
                                                                                
                                                                                
                                                                                
                                                                                
                                                                                
                                                                                
                                                                                
────────────────────────────────────────────────────────────────────────────────
   CONFIRM  y confirm  esc cancel  C force delete                               