  kute │  c microk8s-cluster › n nva-stage › g Widgets example.io/v1            
────────────────────────────────────────────────────────────────────────────────
  ● 2 ok                                                             2 widgets  
────────────────────────────────────────────────────────────────────────────────
     NAME                                                                  AGE  
────────────────────────────────────────────────────────────────────────────────
▎ ●  first-widget                                                           0s  
  ●  second-widget                                                          0s  
  1–2 of 2                                                              ██████  
                                                                                
                                                                                
                                                                                
                                                                                
                                                                                
                                                                                
                                                                                
                                                                                
                                                                                
                                                                                
                                                                                
                                                                                
                                                                                
────────────────────────────────────────────────────────────────────────────────
   WIDGETS                                                              ? help  