  ❯kute │ microk8s-cluster › nva-stage › Widgets example.io/v1 (g to jump)      
────────────────────────────────────────────────────────────────────────────────
  ● 2 ok                                                             2 widgets  
────────────────────────────────────────────────────────────────────────────────
     NAME                                                                  AGE  
────────────────────────────────────────────────────────────────────────────────
▎ ●  first-widget                                                           0s  
  ●  second-widget                                                          0s  
  1–2 of 2                                                              ██████  
                                                                                
                                                                                
                                                                                
                                                                                
                                                                                
                                                                                
                                                                                
                                                                                
                                                                                
                                                                                
                                                                                
                                                                                
                                                                                
────────────────────────────────────────────────────────────────────────────────
   WIDGETS                                                              ? help  