  [1;38;2;20;20;28mkute[m[38;2;198;198;212m │ [m[38;2;165;156;191mc [m[38;2;86;86;104mmicrok8s-cluster[m[38;2;180;180;198m › [m[38;2;165;156;191mn [m[38;2;42;42;56mdefault[m[38;2;180;180;198m › [m[38;2;165;156;191mg [m[1;38;2;20;20;28mCronJobs[m                                                       [38;2;20;138;78m● connected[m  
[38;2;180;180;198m────────────────────────────────────────────────────────────────────────────────────────────────────────────────────────[m
  [38;2;20;138;78m●[m [38;2;42;42;56m2[m [38;2;138;138;158mlast run ok[m   [38;2;204;58;58m✕[m [38;2;42;42;56m1[m [38;2;138;138;158mlast run failed[m   [38;2;42;111;206m○[m [38;2;42;42;56m1[m [38;2;138;138;158mno history[m   [38;2;168;123;10m◐[m [38;2;42;42;56m1[m [38;2;138;138;158mactive now[m   [38;2;138;138;158m⏸[m [38;2;42;42;56m1[m [38;2;138;138;158msuspended[m                               
[38;2;198;198;212m────────────────────────────────────────────────────────────────────────────────────────────────────────────────────────[m
                                                                                                                        
                                                                                                                        
                                                                                                                        
                                                                                                                        
                                                                                                                        
                                                                                                                        
                                                                                                                        
                                                                                                                        
                                                                                                                        
         [38;2;217;138;138m╭────────────────────────────────────────────────────────────────────────────────────────────────────╮[m         
         [38;2;217;138;138m│[m                                                                                                    [38;2;217;138;138m│[m         
         [38;2;217;138;138m│[m   [1;38;2;204;58;58m✕ Suspend nightly?[m                                                                [1;38;2;176;48;48mPROD CONTEXT[m   [38;2;217;138;138m│[m         
         [38;2;217;138;138m│[m   [38;2;86;86;104mwill run: kubectl patch cronjob/nightly --type merge -p '{"spec":{"suspend":true}}' -n default[m   [38;2;217;138;138m│[m         
         [38;2;217;138;138m│[m                                                                                                    [38;2;217;138;138m│[m         
         [38;2;217;138;138m│[m   [38;2;86;86;104mtype "nightly" to confirm[m                                                                        [38;2;217;138;138m│[m         
         [38;2;217;138;138m│[m   [38;2;20;20;28m█[m  [38;2;154;154;174m0/7[m                                                                                           [38;2;217;138;138m│[m         
         [38;2;217;138;138m│[m   [38;2;180;180;198m──────────────────────────────────────────────────────────────────────────────────────────────[m   [38;2;217;138;138m│[m         
         [38;2;217;138;138m│[m   [38;2;204;58;58m↵[m[38;2;138;138;158m suspend (when name matches)[m   [38;2;204;58;58mesc[m[38;2;138;138;158m cancel[m                                                       [38;2;217;138;138m│[m         
         [38;2;217;138;138m│[m                                                                                                    [38;2;217;138;138m│[m         
         [38;2;217;138;138m╰────────────────────────────────────────────────────────────────────────────────────────────────────╯[m         
                                                                                                                        
                                                                                                                        
                                                                                                                        
                                                                                                                        
                                                                                                                        
                                                                                                                        
                                                                                                                        
                                                                                                                        
                                                                                                                        
                                                                                                                        
[38;2;180;180;198m────────────────────────────────────────────────────────────────────────────────────────────────────────────────────────[m
  [38;2;204;58;58;48;2;245;222;222m CONFIRM [m                                                                                                             