  [1;38;2;167;139;250mkute[m[38;2;51;51;74m │ [m[38;2;103;103;128mmicrok8s-cluster[m[38;2;68;68;92m › [m[38;2;167;139;250mnva-stage[m[38;2;68;68;92m › [m[1;38;2;240;240;250mSecrets[m[38;2;85;85;110m (g to jump)[m                                                [38;2;52;209;123m● connected[m  
[38;2;68;68;92m────────────────────────────────────────────────────────────────────────────────────────────────────────────────────────[m
                                                                                                                        
                                                                                                                        
                                                                                                                        
                                                                                                                        
                                                                                                                        
                                                                                                                        
                                                                                                                        
                                                                                                                        
                             [38;2;58;42;48m╭────────────────────────────────────────────────────────────╮[m                             
                             [38;2;58;42;48m│[m[48;2;22;18;26m                                                            [m[38;2;58;42;48m│[m                             
                             [38;2;58;42;48m│[m[48;2;22;18;26m  [m[38;2;154;154;178;48;2;22;18;26m[1;38;2;239;106;106m403 Forbidden[m  [38;2;85;85;110msecrets · list[m[m[48;2;22;18;26m  [m[48;2;22;18;26m                           [m[38;2;58;42;48m│[m                             
                             [38;2;58;42;48m│[m[48;2;22;18;26m  [m[38;2;154;154;178;48;2;22;18;26m[38;2;154;154;178msecrets is forbidden: User [m[38;2;232;199;74m"dev-readonly"[m[38;2;154;154;178m cannot list[m[m[48;2;22;18;26m  [m[48;2;22;18;26m   [m[38;2;58;42;48m│[m                             
                             [38;2;58;42;48m│[m[48;2;22;18;26m  [m[38;2;154;154;178;48;2;22;18;26m[38;2;154;154;178mresource [m[38;2;232;199;74m"secrets"[m[38;2;154;154;178m in namespace [m[38;2;232;199;74m"nva-stage"[m[38;2;154;154;178m[m[m[48;2;22;18;26m  [m[48;2;22;18;26m             [m[38;2;58;42;48m│[m                             
                             [38;2;58;42;48m│[m[48;2;22;18;26m  [m[38;2;154;154;178;48;2;22;18;26m[m[48;2;22;18;26m  [m[48;2;22;18;26m                                                        [m[38;2;58;42;48m│[m                             
                             [38;2;58;42;48m│[m[48;2;22;18;26m  [m[38;2;154;154;178;48;2;22;18;26m[38;2;167;139;250mg[m [38;2;154;154;178mjump to another kind[m [38;2;85;85;110m— everything else still works[m[m[48;2;22;18;26m  [m[48;2;22;18;26m    [m[38;2;58;42;48m│[m                             
                             [38;2;58;42;48m│[m[48;2;22;18;26m  [m[38;2;154;154;178;48;2;22;18;26m[38;2;167;139;250mc[m [38;2;154;154;178mswitch context[m [38;2;85;85;110m— another context may grant access[m[m[48;2;22;18;26m  [m[48;2;22;18;26m     [m[38;2;58;42;48m│[m                             
                             [38;2;58;42;48m│[m[48;2;22;18;26m  [m[38;2;154;154;178;48;2;22;18;26m[38;2;167;139;250mw[m [38;2;154;154;178mwho-can[m [38;2;85;85;110m— see who does have access[m[m[48;2;22;18;26m  [m[48;2;22;18;26m                    [m[38;2;58;42;48m│[m                             
                             [38;2;58;42;48m│[m[48;2;22;18;26m  [m[38;2;154;154;178;48;2;22;18;26m[38;2;167;139;250my[m [38;2;154;154;178mcopy error[m [38;2;85;85;110m— paste to your cluster admin[m[m[48;2;22;18;26m  [m[48;2;22;18;26m              [m[38;2;58;42;48m│[m                             
                             [38;2;58;42;48m│[m[48;2;22;18;26m  [m[38;2;154;154;178;48;2;22;18;26m[38;2;167;139;250mr[m [38;2;154;154;178mretry[m[m[48;2;22;18;26m  [m[48;2;22;18;26m                                                 [m[38;2;58;42;48m│[m                             
                             [38;2;58;42;48m│[m[48;2;22;18;26m                                                            [m[38;2;58;42;48m│[m                             
                             [38;2;58;42;48m╰────────────────────────────────────────────────────────────╯[m                             
                                                                                                                        
                                                                                                                        
                                                                                                                        
                                                                                                                        
                                                                                                                        
                                                                                                                        
                                                                                                                        
                                                                                                                        
                                                                                                                        
                        [38;2;85;85;110mlast successful list: never · RBAC errors are not retried automatically[m                         
                                                                                                                        
[38;2;68;68;92m────────────────────────────────────────────────────────────────────────────────────────────────────────────────────────[m
  [38;2;167;139;250;48;2;29;22;51m SECRETS [m [38;2;167;139;250mg[m[38;2;103;103;128m goto[m  [38;2;167;139;250mc[m[38;2;103;103;128m context[m  [38;2;167;139;250mw[m[38;2;103;103;128m who-can[m  [38;2;167;139;250my[m[38;2;103;103;128m copy error[m  [38;2;167;139;250mr[m[38;2;103;103;128m retry[m                                                 [38;2;167;139;250m?[m[38;2;103;103;128m help[m  