  [1;38;2;240;240;250mkute[m[38;2;51;51;74m │ [m[38;2;124;107;176mc [m[38;2;154;154;178mmicrok8s-cluster[m[38;2;68;68;92m › [m[38;2;124;107;176mn [m[38;2;216;216;232mflux-system[m[38;2;68;68;92m › [m[38;2;124;107;176mg [m[1;38;2;240;240;250mKustomizations[m[38;2;85;85;110m kustomize.toolkit.fluxcd.io/v1[m              [38;2;52;209;123m● connected[m  
[38;2;68;68;92m────────────────────────────────────────────────────────────────────────────────────────────────────────────────────────[m
  [38;2;52;209;123m●[m [38;2;216;216;232m3[m [38;2;103;103;128mready[m   [38;2;232;199;74m◌[m [38;2;216;216;232m1[m [38;2;103;103;128mreconciling[m   [38;2;239;106;106m✕[m [38;2;216;216;232m1[m [38;2;103;103;128mfailed[m   [38;2;232;199;74m‖[m [38;2;216;216;232m1[m [38;2;103;103;128msuspended[m                                            [38;2;103;103;128m6 kustomizations[m  
[38;2;51;51;74m────────────────────────────────────────────────────────────────────────────────────────────────────────────────────────[m
  [38;2;85;85;110m[m   [38;2;85;85;110mNAME[m                                [38;2;85;85;110mREADY[m       [38;2;85;85;110mREVISION[m          [38;2;85;85;110mSOURCE[m                      [38;2;85;85;110mRECONCILED[m      [38;2;85;85;110mAGE[m  
[38;2;51;51;74m────────────────────────────────────────────────────────────────────────────────────────────────────────────────────────[m
[38;2;167;139;250;48;2;29;22;51m▎[m[48;2;29;22;51m [m[38;2;239;106;106;48;2;29;22;51m✕[m[48;2;29;22;51m  [m[38;2;240;240;250;48;2;29;22;51mnebula-workers[m[48;2;29;22;51m                    [m[48;2;29;22;51m  [m[38;2;103;103;128;48;2;29;22;51mFalse[m[48;2;29;22;51m     [m[48;2;29;22;51m  [m[38;2;103;103;128;48;2;29;22;51mmaster@efd398b[m[48;2;29;22;51m  [m[48;2;29;22;51m  [m[38;2;103;103;128;48;2;29;22;51mgit/flux-system[m[48;2;29;22;51m           [m[48;2;29;22;51m  [m[38;2;103;103;128;48;2;29;22;51m3h ago[m[48;2;29;22;51m      [m[48;2;29;22;51m  [m[48;2;29;22;51m  [m[38;2;103;103;128;48;2;29;22;51m12d[m[48;2;29;22;51m  [m
[38;2;201;138;138m    health check failed after 2m0s: Deployment/nebula-stage/nebula-worker status: 'InProgress'                        [m[38;2;201;138;138m  [m
[38;2;103;103;128m  [m[38;2;232;199;74m◌[m[38;2;103;103;128m  [m[38;2;216;216;232mnebula-config[m[38;2;103;103;128m                     [m[38;2;103;103;128m  [m[38;2;103;103;128mFalse[m[38;2;103;103;128m     [m[38;2;103;103;128m  [m[38;2;103;103;128mmaster@efd398b[m[38;2;103;103;128m  [m[38;2;103;103;128m  [m[38;2;103;103;128mgit/flux-system[m[38;2;103;103;128m           [m[38;2;103;103;128m  [m[38;2;103;103;128m1h ago[m[38;2;103;103;128m      [m[38;2;103;103;128m  [m[38;2;103;103;128m  [m[38;2;103;103;128m40d[m[38;2;103;103;128m  [m
[38;2;138;116;46m    Reconciliation in progress                                                                                        [m[38;2;138;116;46m  [m
[38;2;103;103;128m  [m[38;2;232;199;74m‖[m[38;2;103;103;128m  [m[38;2;216;216;232mnebula-infra[m[38;2;103;103;128m                      [m[38;2;103;103;128m  [m[38;2;103;103;128msuspended[m[38;2;103;103;128m [m[38;2;103;103;128m  [m[38;2;103;103;128mmaster@efd398b[m[38;2;103;103;128m  [m[38;2;103;103;128m  [m[38;2;103;103;128mgit/flux-system[m[38;2;103;103;128m           [m[38;2;103;103;128m  [m[38;2;103;103;128m9h ago[m[38;2;103;103;128m      [m[38;2;103;103;128m  [m[38;2;103;103;128m  [m[38;2;103;103;128m40d[m[38;2;103;103;128m  [m
[38;2;85;85;110m  + 3 ready · ↹ expand                                                                                                [m[38;2;85;85;110m  [m
[38;2;68;68;92m  1–6 of 6                                                                                                      ██████  [m
                                                                                                                        
                                                                                                                        
                                                                                                                        
                                                                                                                        
                                                                                                                        
                                                                                                                        
                                                                                                                        
                                                                                                                        
                                                                                                                        
                                                                                                                        
                                                                                                                        
                                                                                                                        
                                                                                                                        
                                                                                                                        
                                                                                                                        
                                                                                                                        
                                                                                                                        
                                                                                                                        
                                                                                                                        
                                                                                                                        
                                                                                                                        
[38;2;68;68;92m────────────────────────────────────────────────────────────────────────────────────────────────────────────────────────[m
  [38;2;167;139;250;48;2;29;22;51m KUSTOMIZATIONS [m [38;2;167;139;250mr[m[38;2;103;103;128m reconcile[m  [38;2;167;139;250ms[m[38;2;103;103;128m suspend[m  [38;2;167;139;250mo[m[38;2;103;103;128m source[m[38;2;38;38;58m │ [m[38;2;167;139;250mD[m[38;2;103;103;128m delete[m                                                  [38;2;167;139;250m?[m[38;2;103;103;128m help[m  