  [38;2;18;133;90m❯[m[1;38;2;20;20;28m kute[m[38;2;198;198;212m │ [m[38;2;138;138;158mmicrok8s-cluster[m[38;2;180;180;198m › [m[38;2;107;70;217mflux-system[m[38;2;180;180;198m › [m[1;38;2;20;20;28mKustomizations[m[38;2;154;154;174m kustomize.toolkit.fluxcd.io/v1[m[38;2;154;154;174m  g goto  n namespace  c con...[m
[38;2;180;180;198m────────────────────────────────────────────────────────────────────────────────────────────────────────────────────────[m
  [38;2;20;138;78m●[m [38;2;42;42;56m3[m [38;2;138;138;158mready[m   [38;2;168;123;10m◌[m [38;2;42;42;56m1[m [38;2;138;138;158mreconciling[m   [38;2;204;58;58m✕[m [38;2;42;42;56m1[m [38;2;138;138;158mfailed[m   [38;2;168;123;10m‖[m [38;2;42;42;56m1[m [38;2;138;138;158msuspended[m                                            [38;2;138;138;158m6 kustomizations[m  
[38;2;198;198;212m────────────────────────────────────────────────────────────────────────────────────────────────────────────────────────[m
  [38;2;154;154;174m[m   [38;2;154;154;174mNAME[m                                [38;2;154;154;174mREADY[m       [38;2;154;154;174mREVISION[m          [38;2;154;154;174mSOURCE[m                      [38;2;154;154;174mRECONCILED[m      [38;2;154;154;174mAGE[m  
[38;2;198;198;212m────────────────────────────────────────────────────────────────────────────────────────────────────────────────────────[m
[38;2;107;70;217;48;2;236;229;251m▎[m[48;2;236;229;251m [m[38;2;204;58;58;48;2;236;229;251m✕[m[48;2;236;229;251m  [m[38;2;20;20;28;48;2;236;229;251mnebula-workers[m[48;2;236;229;251m                    [m[48;2;236;229;251m  [m[38;2;138;138;158;48;2;236;229;251mFalse[m[48;2;236;229;251m     [m[48;2;236;229;251m  [m[38;2;138;138;158;48;2;236;229;251mmaster@efd398b[m[48;2;236;229;251m  [m[48;2;236;229;251m  [m[38;2;138;138;158;48;2;236;229;251mgit/flux-system[m[48;2;236;229;251m           [m[48;2;236;229;251m  [m[38;2;138;138;158;48;2;236;229;251m3h ago[m[48;2;236;229;251m      [m[48;2;236;229;251m  [m[48;2;236;229;251m  [m[38;2;138;138;158;48;2;236;229;251m12d[m[48;2;236;229;251m  [m
[38;2;176;104;104m    health check failed after 2m0s: Deployment/nebula-stage/nebula-worker status: 'InProgress'                        [m[38;2;176;104;104m  [m
[38;2;138;138;158m  [m[38;2;168;123;10m◌[m[38;2;138;138;158m  [m[38;2;42;42;56mnebula-config[m[38;2;138;138;158m                     [m[38;2;138;138;158m  [m[38;2;138;138;158mFalse[m[38;2;138;138;158m     [m[38;2;138;138;158m  [m[38;2;138;138;158mmaster@efd398b[m[38;2;138;138;158m  [m[38;2;138;138;158m  [m[38;2;138;138;158mgit/flux-system[m[38;2;138;138;158m           [m[38;2;138;138;158m  [m[38;2;138;138;158m1h ago[m[38;2;138;138;158m      [m[38;2;138;138;158m  [m[38;2;138;138;158m  [m[38;2;138;138;158m40d[m[38;2;138;138;158m  [m
[38;2;179;154;86m    Reconciliation in progress                                                                                        [m[38;2;179;154;86m  [m
[38;2;138;138;158m  [m[38;2;168;123;10m‖[m[38;2;138;138;158m  [m[38;2;42;42;56mnebula-infra[m[38;2;138;138;158m                      [m[38;2;138;138;158m  [m[38;2;138;138;158msuspended[m[38;2;138;138;158m [m[38;2;138;138;158m  [m[38;2;138;138;158mmaster@efd398b[m[38;2;138;138;158m  [m[38;2;138;138;158m  [m[38;2;138;138;158mgit/flux-system[m[38;2;138;138;158m           [m[38;2;138;138;158m  [m[38;2;138;138;158m9h ago[m[38;2;138;138;158m      [m[38;2;138;138;158m  [m[38;2;138;138;158m  [m[38;2;138;138;158m40d[m[38;2;138;138;158m  [m
[38;2;154;154;174m  + 3 ready · ↹ expand                                                                                                [m[38;2;154;154;174m  [m
[38;2;180;180;198m  1–6 of 6                                                                                                      ██████  [m
                                                                                                                        
                                                                                                                        
                                                                                                                        
                                                                                                                        
                                                                                                                        
                                                                                                                        
                                                                                                                        
                                                                                                                        
                                                                                                                        
                                                                                                                        
                                                                                                                        
                                                                                                                        
                                                                                                                        
                                                                                                                        
                                                                                                                        
                                                                                                                        
                                                                                                                        
                                                                                                                        
                                                                                                                        
                                                                                                                        
                                                                                                                        
[38;2;180;180;198m────────────────────────────────────────────────────────────────────────────────────────────────────────────────────────[m
  [38;2;107;70;217;48;2;236;229;251m KUSTOMIZATIONS [m [38;2;107;70;217mr[m[38;2;138;138;158m reconcile[m  [38;2;107;70;217ms[m[38;2;138;138;158m suspend[m  [38;2;107;70;217mo[m[38;2;138;138;158m source[m[38;2;213;215;224m │ [m[38;2;107;70;217mD[m[38;2;138;138;158m delete[m                                                  [38;2;107;70;217m?[m[38;2;138;138;158m help[m  