  [1;38;2;167;139;250mkute[m[38;2;51;51;74m │ [m[38;2;103;103;128mmicrok8s-cluster[m[38;2;68;68;92m › [m[1;38;2;240;240;250mForwards[m[38;2;106;168;239m  ∗ all namespaces[m[38;2;85;85;110m (g to jump)[m                                         [38;2;52;209;123m● connected[m  
[38;2;68;68;92m────────────────────────────────────────────────────────────────────────────────────────────────────────────────────────[m
  [38;2;52;209;123m●[m [38;2;216;216;232m1[m [38;2;103;103;128mactive[m   [38;2;232;199;74m◐[m [38;2;216;216;232m1[m [38;2;103;103;128mreconnecting[m                               [38;2;103;103;128m2 forwards · 2 namespaces · forwards end when kute exits[m  
[38;2;51;51;74m────────────────────────────────────────────────────────────────────────────────────────────────────────────────────────[m
  [38;2;85;85;110m[m   [38;2;85;85;110mLOCAL[m             [38;2;85;85;110mTARGET[m                                             [38;2;85;85;110mNAMESPACE[m    [38;2;85;85;110mUPTIME[m                  [38;2;85;85;110mTRAFFIC[m  
[38;2;51;51;74m────────────────────────────────────────────────────────────────────────────────────────────────────────────────────────[m
[38;2;167;139;250;48;2;29;22;51m▎[m[48;2;29;22;51m [m[38;2;232;199;74;48;2;29;22;51m◌[m[48;2;29;22;51m  [m[38;2;103;103;128;48;2;29;22;51mlocalhost:5432[m[48;2;29;22;51m  [m[48;2;29;22;51m  [m[38;2;103;103;128;48;2;29;22;51mservice/postgres:5432 → pod/postgres-0 · pod res…[m[48;2;29;22;51m  [m[38;2;103;103;128;48;2;29;22;51mnva-prod[m[48;2;29;22;51m   [m[48;2;29;22;51m  [m[38;2;103;103;128;48;2;29;22;51m2h[m[48;2;29;22;51m     [m[48;2;29;22;51m  [m[48;2;29;22;51m  [m[38;2;103;103;128;48;2;29;22;51mretry 2 · next in 4s[m[48;2;29;22;51m  [m
[38;2;103;103;128m  [m[38;2;52;209;123m●[m[38;2;103;103;128m  [m[38;2;103;103;128mlocalhost:8080[m[38;2;103;103;128m  [m[38;2;103;103;128m  [m[38;2;103;103;128mpod/nva-worker-9k2ss:80[m[38;2;103;103;128m                          [m[38;2;103;103;128m  [m[38;2;103;103;128mnva-stage[m[38;2;103;103;128m  [m[38;2;103;103;128m  [m[38;2;103;103;128m41m[m[38;2;103;103;128m    [m[38;2;103;103;128m  [m[38;2;103;103;128m              [m[38;2;103;103;128midle 12m[m[38;2;103;103;128m  [m
[38;2;68;68;92m  1–2 of 2                                                                                                      ██████  [m
                                                                                                                        
                                                                                                                        
                                                                                                                        
                                                                                                                        
                                                                                                                        
                                                                                                                        
                                                                                                                        
                                                                                                                        
                                                                                                                        
                                                                                                                        
                                                                                                                        
                                                                                                                        
                                                                                                                        
                                                                                                                        
                                                                                                                        
                                                                                                                        
                                                                                                                        
                                                                                                                        
                                                                                                                        
                                                                                                                        
                                                                                                                        
                                                                                                                        
                                                                                                                        
                                                                                                                        
                                                                                                                        
[38;2;68;68;92m────────────────────────────────────────────────────────────────────────────────────────────────────────────────────────[m
  [38;2;167;139;250;48;2;29;22;51m FORWARDS [m [38;2;167;139;250mx[m[38;2;103;103;128m stop[m  [38;2;167;139;250mr[m[38;2;103;103;128m restart[m  [38;2;167;139;250my[m[38;2;103;103;128m copy url[m                                                                      [38;2;167;139;250m?[m[38;2;103;103;128m help[m  