  [1;38;2;167;139;250mkute[0m[38;2;51;51;73m │ [0m[38;2;103;103;128mmicrok8s-cluster[0m[38;2;68;68;92m › [0m[38;2;167;139;250mnva-stage[0m[38;2;68;68;92m › [0m[1;38;2;240;240;250mHelm Releases[0m[38;2;85;85;110m (g to jump)[0m                                          [38;2;52;209;123m● connected[0m  
[38;2;68;68;92m────────────────────────────────────────────────────────────────────────────────────────────────────────────────────────[0m
  [38;2;52;209;123m●[0m [38;2;216;216;232m2[0m [38;2;103;103;128mdeployed[0m   [38;2;232;199;73m◌[0m [38;2;216;216;232m1[0m [38;2;103;103;128mpending-upgrade[0m   [38;2;239;105;105m✕[0m [38;2;216;216;232m1[0m [38;2;103;103;128mfailed[0m                                      [38;2;103;103;128mfrom helm.sh/release.v1 secrets[0m  
[38;2;51;51;73m────────────────────────────────────────────────────────────────────────────────────────────────────────────────────────[0m
  [38;2;85;85;110m[0m   [38;2;85;85;110mRELEASE[0m                                    [38;2;85;85;110mCHART[0m                   [38;2;85;85;110mAPP VER[0m      [38;2;85;85;110mREV[0m  [38;2;85;85;110mSTATUS[0m               [38;2;85;85;110mUPDATED[0m  
[38;2;51;51;73m────────────────────────────────────────────────────────────────────────────────────────────────────────────────────────[0m
[38;2;167;139;250;48;2;29;22;51m▎[0m[48;2;29;22;51m [0m[38;2;239;105;105;48;2;29;22;51m✕[0m[48;2;29;22;51m  [0m[38;2;103;103;128;48;2;29;22;51mbroken-app[0m[48;2;29;22;51m                               [0m[48;2;29;22;51m  [0m[38;2;103;103;128;48;2;29;22;51mmychart 1.0.0[0m[48;2;29;22;51m         [0m[48;2;29;22;51m  [0m[38;2;103;103;128;48;2;29;22;51m2.1.0[0m[48;2;29;22;51m     [0m[48;2;29;22;51m  [0m[48;2;29;22;51m   [0m[38;2;103;103;128;48;2;29;22;51m2[0m[48;2;29;22;51m  [0m[38;2;239;105;105;48;2;29;22;51mfailed · hook t…[0m[48;2;29;22;51m  [0m[48;2;29;22;51m         [0m[38;2;103;103;128;48;2;29;22;51m–[0m[48;2;29;22;51m  [0m
[38;2;103;103;128m  [0m[38;2;232;199;73m◐[0m[38;2;103;103;128m  [0m[38;2;103;103;128mnva-gateway[0m[38;2;103;103;128m                              [0m[38;2;103;103;128m  [0m[38;2;103;103;128mkube-prometheus-stack…[0m[38;2;103;103;128m  [0m[38;2;103;103;128m0.73.0[0m[38;2;103;103;128m    [0m[38;2;103;103;128m  [0m[38;2;103;103;128m   [0m[38;2;103;103;128m2[0m[38;2;103;103;128m  [0m[38;2;232;199;73mpending-upgrade[0m[38;2;103;103;128m [0m[38;2;103;103;128m  [0m[38;2;103;103;128m         [0m[38;2;103;103;128m–[0m[38;2;103;103;128m  [0m
[38;2;103;103;128m  [0m[38;2;52;209;123m●[0m[38;2;103;103;128m  [0m[38;2;103;103;128mpostgresql[0m[38;2;103;103;128m                               [0m[38;2;103;103;128m  [0m[38;2;103;103;128mpostgresql 12.1.9[0m[38;2;103;103;128m     [0m[38;2;103;103;128m  [0m[38;2;103;103;128m15.4.0[0m[38;2;103;103;128m    [0m[38;2;103;103;128m  [0m[38;2;103;103;128m   [0m[38;2;103;103;128m3[0m[38;2;103;103;128m  [0m[38;2;52;209;123mdeployed[0m[38;2;103;103;128m        [0m[38;2;103;103;128m  [0m[38;2;103;103;128m         [0m[38;2;103;103;128m–[0m[38;2;103;103;128m  [0m
[38;2;103;103;128m  [0m[38;2;52;209;123m●[0m[38;2;103;103;128m  [0m[38;2;103;103;128mredis[0m[38;2;103;103;128m                                    [0m[38;2;103;103;128m  [0m[38;2;103;103;128mredis 18.1.5[0m[38;2;103;103;128m          [0m[38;2;103;103;128m  [0m[38;2;103;103;128m7.2.4[0m[38;2;103;103;128m     [0m[38;2;103;103;128m  [0m[38;2;103;103;128m   [0m[38;2;103;103;128m2[0m[38;2;103;103;128m  [0m[38;2;52;209;123mdeployed[0m[38;2;103;103;128m        [0m[38;2;103;103;128m  [0m[38;2;103;103;128m         [0m[38;2;103;103;128m–[0m[38;2;103;103;128m  [0m
[38;2;68;68;92m  1–4 of 4                                                                                                      ██████  [0m
                                                                                                                        
                                                                                                                        
                                                                                                                        
                                                                                                                        
                                                                                                                        
                                                                                                                        
                                                                                                                        
                                                                                                                        
                                                                                                                        
                                                                                                                        
                                                                                                                        
                                                                                                                        
                                                                                                                        
                                                                                                                        
                                                                                                                        
                                                                                                                        
                                                                                                                        
                                                                                                                        
                                                                                                                        
                                                                                                                        
                                                                                                                        
                                                                                                                        
                                                                                                                        
[38;2;68;68;92m────────────────────────────────────────────────────────────────────────────────────────────────────────────────────────[0m
  [38;2;167;139;250;48;2;29;22;51m HELM [0m [38;2;167;139;250mg[0m[38;2;103;103;128m goto[0m  [38;2;167;139;250m/[0m[38;2;103;103;128m filter[0m  [38;2;167;139;250mspace[0m[38;2;103;103;128m mark[0m[38;2;38;38;58m │ [0m[38;2;167;139;250m↵[0m[38;2;103;103;128m open[0m[38;2;38;38;58m │ [0m[38;2;167;139;250mn[0m[38;2;103;103;128m namespace[0m  [38;2;167;139;250mc[0m[38;2;103;103;128m context[0m  [38;2;167;139;250ma[0m[38;2;103;103;128m all namespaces[0m                       [38;2;167;139;250m?[0m[38;2;103;103;128m help[0m  