  [1;38;2;167;139;250mkute[m[38;2;51;51;74m │ [m[38;2;103;103;128mmicrok8s-cluster[m[38;2;68;68;92m › [m[38;2;167;139;250mnva-stage[m[38;2;68;68;92m › [m[1;38;2;240;240;250mHelm Releases[m[38;2;85;85;110m (g to jump)[m                                          [38;2;52;209;123m● connected[m  
[38;2;68;68;92m────────────────────────────────────────────────────────────────────────────────────────────────────────────────────────[m
  [38;2;52;209;123m●[m [38;2;216;216;232m2[m [38;2;103;103;128mdeployed[m   [38;2;232;199;74m◌[m [38;2;216;216;232m1[m [38;2;103;103;128mpending-upgrade[m   [38;2;239;106;106m✕[m [38;2;216;216;232m1[m [38;2;103;103;128mfailed[m                                      [38;2;103;103;128mfrom helm.sh/release.v1 secrets[m  
[38;2;51;51;74m────────────────────────────────────────────────────────────────────────────────────────────────────────────────────────[m
  [38;2;85;85;110m[m   [38;2;85;85;110mRELEASE[m                                    [38;2;85;85;110mCHART[m                   [38;2;85;85;110mAPP VER[m      [38;2;85;85;110mREV[m  [38;2;85;85;110mSTATUS[m               [38;2;85;85;110mUPDATED[m  
[38;2;51;51;74m────────────────────────────────────────────────────────────────────────────────────────────────────────────────────────[m
[38;2;167;139;250;48;2;29;22;51m▎[m[48;2;29;22;51m [m[38;2;239;106;106;48;2;29;22;51m✕[m[48;2;29;22;51m  [m[38;2;103;103;128;48;2;29;22;51mbroken-app[m[48;2;29;22;51m                               [m[48;2;29;22;51m  [m[38;2;103;103;128;48;2;29;22;51mmychart 1.0.0[m[48;2;29;22;51m         [m[48;2;29;22;51m  [m[38;2;103;103;128;48;2;29;22;51m2.1.0[m[48;2;29;22;51m     [m[48;2;29;22;51m  [m[48;2;29;22;51m   [m[38;2;103;103;128;48;2;29;22;51m2[m[48;2;29;22;51m  [m[38;2;239;106;106;48;2;29;22;51mfailed · hook t…[m[48;2;29;22;51m  [m[48;2;29;22;51m         [m[38;2;103;103;128;48;2;29;22;51m–[m[48;2;29;22;51m  [m
[38;2;103;103;128m  [m[38;2;232;199;74m◐[m[38;2;103;103;128m  [m[38;2;103;103;128mnva-gateway[m[38;2;103;103;128m                              [m[38;2;103;103;128m  [m[38;2;103;103;128mkube-prometheus-stack…[m[38;2;103;103;128m  [m[38;2;103;103;128m0.73.0[m[38;2;103;103;128m    [m[38;2;103;103;128m  [m[38;2;103;103;128m   [m[38;2;103;103;128m2[m[38;2;103;103;128m  [m[38;2;232;199;74mpending-upgrade[m[38;2;103;103;128m [m[38;2;103;103;128m  [m[38;2;103;103;128m         [m[38;2;103;103;128m–[m[38;2;103;103;128m  [m
[38;2;103;103;128m  [m[38;2;52;209;123m●[m[38;2;103;103;128m  [m[38;2;103;103;128mpostgresql[m[38;2;103;103;128m                               [m[38;2;103;103;128m  [m[38;2;103;103;128mpostgresql 12.1.9[m[38;2;103;103;128m     [m[38;2;103;103;128m  [m[38;2;103;103;128m15.4.0[m[38;2;103;103;128m    [m[38;2;103;103;128m  [m[38;2;103;103;128m   [m[38;2;103;103;128m3[m[38;2;103;103;128m  [m[38;2;52;209;123mdeployed[m[38;2;103;103;128m        [m[38;2;103;103;128m  [m[38;2;103;103;128m         [m[38;2;103;103;128m–[m[38;2;103;103;128m  [m
[38;2;103;103;128m  [m[38;2;52;209;123m●[m[38;2;103;103;128m  [m[38;2;103;103;128mredis[m[38;2;103;103;128m                                    [m[38;2;103;103;128m  [m[38;2;103;103;128mredis 18.1.5[m[38;2;103;103;128m          [m[38;2;103;103;128m  [m[38;2;103;103;128m7.2.4[m[38;2;103;103;128m     [m[38;2;103;103;128m  [m[38;2;103;103;128m   [m[38;2;103;103;128m2[m[38;2;103;103;128m  [m[38;2;52;209;123mdeployed[m[38;2;103;103;128m        [m[38;2;103;103;128m  [m[38;2;103;103;128m         [m[38;2;103;103;128m–[m[38;2;103;103;128m  [m
[38;2;68;68;92m  1–4 of 4                                                                                                      ██████  [m
                                                                                                                        
                                                                                                                        
                                                                                                                        
                                                                                                                        
                                                                                                                        
                                                                                                                        
                                                                                                                        
                                                                                                                        
                                                                                                                        
                                                                                                                        
                                                                                                                        
                                                                                                                        
                                                                                                                        
                                                                                                                        
                                                                                                                        
                                                                                                                        
                                                                                                                        
                                                                                                                        
                                                                                                                        
                                                                                                                        
                                                                                                                        
                                                                                                                        
                                                                                                                        
[38;2;68;68;92m────────────────────────────────────────────────────────────────────────────────────────────────────────────────────────[m
  [38;2;167;139;250;48;2;29;22;51m HELM [m [38;2;167;139;250m↵[m[38;2;103;103;128m open[m                                                                                                 [38;2;167;139;250m?[m[38;2;103;103;128m help[m  