  kute │ microk8s-cluster › default › Pods (g to jump)   ◐ loading pods · 0.0s  
────────────────────────────────────────────────────────────────────────────────
  ◐ listing pods in default…                  watch starts when the list lands  
────────────────────────────────────────────────────────────────────────────────
                                                                                
     NAME    READY  STATUS            ↺     CPU           MEM           NODE   …
  ●  ▬▬▬▬▬…  ▬▬▬    ▬▬▬▬▬▬▬▬▬         ▬▬    ▬▬▬▬▬▬▬       ▬▬▬▬▬▬▬       ▬▬▬▬▬...
  ●  ▬▬▬▬▬…  ▬▬▬    ▬▬▬▬▬▬▬▬▬         ▬▬    ▬▬▬▬▬▬▬       ▬▬▬▬▬▬▬       ▬▬▬▬▬...
  ●  ▬▬▬▬▬…  ▬▬▬    ▬▬▬▬▬▬▬▬▬         ▬▬    ▬▬▬▬▬▬▬       ▬▬▬▬▬▬▬       ▬▬▬▬▬...
  ●  ▬▬▬▬▬…  ▬▬▬    ▬▬▬▬▬▬▬▬▬         ▬▬    ▬▬▬▬▬▬▬       ▬▬▬▬▬▬▬       ▬▬▬▬▬...
  ●  ▬▬▬▬▬…  ▬▬▬    ▬▬▬▬▬▬▬▬▬         ▬▬    ▬▬▬▬▬▬▬       ▬▬▬▬▬▬▬       ▬▬▬▬▬...
  ●  ▬▬▬▬▬…  ▬▬▬    ▬▬▬▬▬▬▬▬▬         ▬▬    ▬▬▬▬▬▬▬       ▬▬▬▬▬▬▬       ▬▬▬▬▬...
  ●  ▬▬▬▬▬…  ▬▬▬    ▬▬▬▬▬▬▬▬▬         ▬▬    ▬▬▬▬▬▬▬       ▬▬▬▬▬▬▬       ▬▬▬▬▬...
  – of –                                                                ░░░░░░  
                                                                                
                                                                                
                                                                                
                                                                                
                                                                                
                                                                                
                                                                                
                                                                                
────────────────────────────────────────────────────────────────────────────────
   PODS  g goto  n namespace  c context                                         