  kute │ microk8s-cluster › default › Pods (g to jump)                                                     ● connected  
────────────────────────────────────────────────────────────────────────────────────────────────────────────────────────
  ▪ 2 marked   ● 3 running                                                                                      3 pods  
────────────────────────────────────────────────────────────────────────────────────────────────────────────────────────
        NAME                                RDY    STATUS ↑          ↺     CPU           MEM           NODE        AGE  
────────────────────────────────────────────────────────────────────────────────────────────────────────────────────────
  ▪  ●  api-0                               1/1    Running           0          – –           – –      –            0s  
  ▪  ●  api-1                               1/1    Running           0          – –           – –      –            0s  
▎    ●  worker-0                            1/1    Running           0          – –           – –      –            0s  
  1–3 of 3                                                                                                      ██████  
                                                                                                                        
                                                                                                                        
                                                                                                                        
                                                                                                                        
                                                                                                                        
                                                                                                                        
                                                                                                                        
                                                                                                                        
                                                                                                                        
                                                                                                                        
                                                                                                                        
                                                                                                                        
                                                                                                                        
                                                                                                                        
                                                                                                                        
                                                                                                                        
                                                                                                                        
                                                                                                                        
                                                                                                                        
                                                                                                                        
                                                                                                                        
                                                                                                                        
                                                                                                                        
                                                                                                                        
────────────────────────────────────────────────────────────────────────────────────────────────────────────────────────
   2 MARKED  x exec                                                                                             ? help  