  kute │ microk8s-cluster › aim-stage › Deployments (g to jump)    ● connected  
────────────────────────────────────────────────────────────────────────────────
  ✕ 1 degraded                                                   1 deployments  
────────────────────────────────────────────────────────────────────────────────
     NAME          RDY    ROLLOUT               IMAGE                      AGE  
────────────────────────────────────────────────────────────────────────────────
▎ ✕  aim-worker    0/4    progressing ▸         registry.aim.dev/aim-wo…    0s  
                                                                                
  ╭──────────────────────────────────────────────────────────────────────────╮  
  │ LABELS · 4                                                               │  
  │   app=                   aim-worker                 ⚠ selector · svc/ai… │  
  │   app.kubernetes.io/mana…Helm                       helm-owned · edits … │  
  │ › env=                   was stage · staging               editing value │  
  │   team=                  platform                                        │  
  │──────────────────────────────────────────────────────────────────────────│  
  │ ANNOTATIONS · 2                                                          │  
  │   deployment.kubernetes.…42                         controller-managed … │  
  │   kute.dev/owner=        platform-oncall                                 │  
  │ + a add to focused grid · tab switch grid                                │  
  ╰──────────────────────────────────────────────────────────────────────────╯  
                                                                                
────────────────────────────────────────────────────────────────────────────────
────────────────────────────────────────────────────────────────────────────────
   META  ↵ save  esc cancel                                                     