  [1;38;2;167;139;250mkute[0m[38;2;51;51;73m │ [0m[38;2;103;103;128mmicrok8s-cluster[0m[38;2;68;68;92m › [0m[38;2;167;139;250maim-stage[0m[38;2;68;68;92m › [0m[1;38;2;240;240;250mDeployments[0m[38;2;85;85;110m (g to jump)[0m                                            [38;2;52;209;123m● connected[0m  
[38;2;68;68;92m────────────────────────────────────────────────────────────────────────────────────────────────────────────────────────[0m
  [38;2;239;105;105m✕[0m [38;2;216;216;232m1[0m [38;2;103;103;128mdegraded[0m                                                                                           [38;2;103;103;128m1 deployments[0m  
[38;2;51;51;73m────────────────────────────────────────────────────────────────────────────────────────────────────────────────────────[0m
  [38;2;85;85;110m[0m   [38;2;85;85;110mNAME[0m                                                  [38;2;85;85;110mRDY[0m    [38;2;85;85;110mROLLOUT[0m               [38;2;85;85;110mIMAGE[0m                      [38;2;85;85;110mAGE[0m  
[38;2;51;51;73m────────────────────────────────────────────────────────────────────────────────────────────────────────────────────────[0m
[38;2;167;139;250;48;2;29;22;51m▎[0m[48;2;29;22;51m [0m[38;2;239;105;105;48;2;29;22;51m✕[0m[48;2;29;22;51m  [0m[38;2;240;240;250;48;2;29;22;51maim-worker[0m[48;2;29;22;51m                                          [0m[48;2;29;22;51m  [0m[38;2;154;154;178;48;2;29;22;51m0/4[0m[48;2;29;22;51m  [0m[48;2;29;22;51m  [0m[38;2;239;105;105;48;2;29;22;51mprogressing ▸[0m[48;2;29;22;51m       [0m[48;2;29;22;51m  [0m[38;2;103;103;128;48;2;29;22;51mregistry.aim.dev/aim-wo…[0m[48;2;29;22;51m  [0m[48;2;29;22;51m  [0m[38;2;103;103;128;48;2;29;22;51m0s[0m[48;2;29;22;51m  [0m
                                                                                                                        
  [38;2;59;59;88m╭──────────────────────────────────────────────────────────────────────────────────────────────────────────────────╮[0m  
  [38;2;59;59;88m│[0m [1;38;2;167;139;250mLABELS · 4[0m                                                                                                       [38;2;59;59;88m│[0m  
  [38;2;59;59;88m│[0m   [38;2;103;103;128mapp=[0m                                [38;2;240;240;250maim-worker[0m                                     [38;2;232;199;73m⚠ selector · svc/aim-worker[0m [38;2;59;59;88m│[0m  
  [38;2;59;59;88m│[0m   [38;2;103;103;128mapp.kubernetes.io/managed-by=[0m       [38;2;240;240;250mHelm[0m                                        [38;2;85;85;110mhelm-owned · edits survive un…[0m [38;2;59;59;88m│[0m  
  [38;2;59;59;88m│[0m [38;2;167;139;250;48;2;29;22;51m›[0m[48;2;29;22;51m [0m[48;2;29;22;51m[0m[38;2;103;103;128;48;2;29;22;51menv=[0m[48;2;29;22;51m                                [0m[38;2;85;85;110;48;2;29;22;51mwas stage · [0m[1;38;2;240;240;250;48;2;29;22;51mstaging[0m[38;2;167;139;250;48;2;29;22;51m▎[0m[48;2;29;22;51m                      [0m[48;2;29;22;51m  [0m[48;2;29;22;51m                 [0m[38;2;103;103;128;48;2;29;22;51mediting value[0m [38;2;59;59;88m│[0m  
  [38;2;59;59;88m│[0m   [38;2;103;103;128mteam=[0m                               [38;2;240;240;250mplatform[0m                                                                   [38;2;59;59;88m│[0m  
  [38;2;59;59;88m│[0m[38;2;28;28;44m──────────────────────────────────────────────────────────────────────────────────────────────────────────────────[0m[38;2;59;59;88m│[0m  
  [38;2;59;59;88m│[0m [38;2;85;85;110mANNOTATIONS · 2[0m                                                                                                  [38;2;59;59;88m│[0m  
  [38;2;59;59;88m│[0m   [38;2;103;103;128mdeployment.kubernetes.io/revision=[0m  [38;2;103;103;128m42[0m                                          [38;2;85;85;110mcontroller-managed · read-only[0m [38;2;59;59;88m│[0m  
  [38;2;59;59;88m│[0m   [38;2;103;103;128mkute.dev/owner=[0m                     [38;2;240;240;250mplatform-oncall[0m                                                            [38;2;59;59;88m│[0m  
  [38;2;59;59;88m│[0m [38;2;68;68;92m+ a add to focused grid · tab switch grid[0m                                                                        [38;2;59;59;88m│[0m  
  [38;2;59;59;88m╰──────────────────────────────────────────────────────────────────────────────────────────────────────────────────╯[0m  
                                                                                                                        
[38;2;28;28;44m────────────────────────────────────────────────────────────────────────────────────────────────────────────────────────[0m
[48;2;12;12;18m  [0m[38;2;103;103;128;48;2;12;12;18mwill run[0m[48;2;12;12;18m [0m[38;2;154;154;178;48;2;12;12;18mkubectl label deploy/aim-worker env=staging --overwrite -n aim-stage[0m[48;2;12;12;18m             [0m[38;2;103;103;128;48;2;12;12;18mmetadata only — no rollout[0m[48;2;12;12;18m  [0m
                                                                                                                        
                                                                                                                        
                                                                                                                        
                                                                                                                        
                                                                                                                        
                                                                                                                        
                                                                                                                        
                                                                                                                        
                                                                                                                        
                                                                                                                        
                                                                                                                        
[38;2;68;68;92m────────────────────────────────────────────────────────────────────────────────────────────────────────────────────────[0m
  [38;2;167;139;250;48;2;29;22;51m META [0m [38;2;167;139;250m↵[0m[38;2;103;103;128m save[0m  [38;2;167;139;250mesc[0m[38;2;103;103;128m cancel[0m                                                                                             