  kute │ microk8s-cluster › Nodes  cluster-scoped (g to jump)      ● connected  
────────────────────────────────────────────────────────────────────────────────
  ● 2 ready   ✕ 1 not ready   ◈ 1 cordoned                    4 nodes · 0 pods  
────────────────────────────────────────────────────────────────────────────────
     NAME    STATUS            HEALTH         PODS       CPU           MEM     …
────────────────────────────────────────────────────────────────────────────────
▎ ●  node-a  Ready             –              0/110           – –           –...
  ●  node-b  Ready             –              0/110           – –           –...
  ✕  node-c  NotReady          –              0/110           – –           –...
  ◈  node-d  cordoned          –              0/110           – –           –...
  1–4 of 4                                                              ██████  
                                                                                
                                                                                
                                                                                
                                                                                
                                                                                
                                                                                
                                                                                
                                                                                
                                                                                
                                                                                
                                                                                
────────────────────────────────────────────────────────────────────────────────
   NODES  s node shell                                                  ? help  