  [1;38;2;167;139;250mkute[m[38;2;51;51;74m │ [m[38;2;103;103;128mmicrok8s-cluster[m[38;2;68;68;92m › [m[1;38;2;240;240;250mNodes[m[38;2;85;85;110m  cluster-scoped[m[38;2;85;85;110m (g to jump)[m                                              [38;2;52;209;123m● connected[m  
[38;2;68;68;92m────────────────────────────────────────────────────────────────────────────────────────────────────────────────────────[m
  [38;2;52;209;123m●[m [38;2;216;216;232m2[m [38;2;103;103;128mready[m   [38;2;239;106;106m✕[m [38;2;216;216;232m1[m [38;2;103;103;128mnot ready[m   [38;2;106;168;239m◈[m [38;2;216;216;232m1[m [38;2;103;103;128mcordoned[m                                                            [38;2;103;103;128m4 nodes · 0 pods[m  
[38;2;51;51;74m────────────────────────────────────────────────────────────────────────────────────────────────────────────────────────[m
  [38;2;85;85;110m[m   [38;2;85;85;110mNAME[m                      [38;2;85;85;110mSTATUS[m            [38;2;85;85;110mHEALTH[m         [38;2;85;85;110mPODS[m       [38;2;85;85;110mCPU[m           [38;2;85;85;110mMEM[m           [38;2;85;85;110mVERSION[m     [38;2;85;85;110mAGE[m  
[38;2;51;51;74m────────────────────────────────────────────────────────────────────────────────────────────────────────────────────────[m
[38;2;167;139;250;48;2;29;22;51m▎[m[48;2;29;22;51m [m[38;2;52;209;123;48;2;29;22;51m●[m[48;2;29;22;51m  [m[38;2;240;240;250;48;2;29;22;51mnode-a[m[48;2;29;22;51m                  [m[48;2;29;22;51m  [m[38;2;103;103;128;48;2;29;22;51mReady[m[48;2;29;22;51m           [m[48;2;29;22;51m  [m[38;2;103;103;128;48;2;29;22;51m–[m[48;2;29;22;51m            [m[48;2;29;22;51m  [m[38;2;103;103;128;48;2;29;22;51m0/110[m[48;2;29;22;51m    [m[48;2;29;22;51m  [m[38;2;28;28;44;48;2;29;22;51m     –[m[38;2;103;103;128;48;2;29;22;51m –[m[48;2;29;22;51m    [m[48;2;29;22;51m  [m[38;2;28;28;44;48;2;29;22;51m     –[m[38;2;103;103;128;48;2;29;22;51m –[m[48;2;29;22;51m    [m[48;2;29;22;51m  [m[38;2;103;103;128;48;2;29;22;51mv1.30.1[m[48;2;29;22;51m  [m[48;2;29;22;51m  [m[48;2;29;22;51m  [m[38;2;103;103;128;48;2;29;22;51m0s[m[48;2;29;22;51m  [m
[38;2;103;103;128m  [m[38;2;52;209;123m●[m[38;2;103;103;128m  [m[38;2;216;216;232mnode-b[m[38;2;103;103;128m                  [m[38;2;103;103;128m  [m[38;2;103;103;128mReady[m[38;2;103;103;128m           [m[38;2;103;103;128m  [m[38;2;103;103;128m–[m[38;2;103;103;128m            [m[38;2;103;103;128m  [m[38;2;103;103;128m0/110[m[38;2;103;103;128m    [m[38;2;103;103;128m  [m[38;2;28;28;44m     –[m[38;2;103;103;128m –[m[38;2;103;103;128m    [m[38;2;103;103;128m  [m[38;2;28;28;44m     –[m[38;2;103;103;128m –[m[38;2;103;103;128m    [m[38;2;103;103;128m  [m[38;2;103;103;128mv1.30.1[m[38;2;103;103;128m  [m[38;2;103;103;128m  [m[38;2;103;103;128m  [m[38;2;103;103;128m0s[m[38;2;103;103;128m  [m
[38;2;103;103;128m  [m[38;2;239;106;106m✕[m[38;2;103;103;128m  [m[38;2;240;183;183mnode-c[m[38;2;103;103;128m                  [m[38;2;103;103;128m  [m[38;2;239;106;106mNotReady[m[38;2;103;103;128m        [m[38;2;103;103;128m  [m[38;2;103;103;128m–[m[38;2;103;103;128m            [m[38;2;103;103;128m  [m[38;2;103;103;128m0/110[m[38;2;103;103;128m    [m[38;2;103;103;128m  [m[38;2;28;28;44m     –[m[38;2;103;103;128m –[m[38;2;103;103;128m    [m[38;2;103;103;128m  [m[38;2;28;28;44m     –[m[38;2;103;103;128m –[m[38;2;103;103;128m    [m[38;2;103;103;128m  [m[38;2;103;103;128mv1.30.1[m[38;2;103;103;128m  [m[38;2;103;103;128m  [m[38;2;103;103;128m  [m[38;2;103;103;128m0s[m[38;2;103;103;128m  [m
[38;2;103;103;128m  [m[38;2;106;168;239m◈[m[38;2;103;103;128m  [m[38;2;216;216;232mnode-d[m[38;2;103;103;128m                  [m[38;2;103;103;128m  [m[38;2;106;168;239mcordoned[m[38;2;103;103;128m        [m[38;2;103;103;128m  [m[38;2;103;103;128m–[m[38;2;103;103;128m            [m[38;2;103;103;128m  [m[38;2;103;103;128m0/110[m[38;2;103;103;128m    [m[38;2;103;103;128m  [m[38;2;28;28;44m     –[m[38;2;103;103;128m –[m[38;2;103;103;128m    [m[38;2;103;103;128m  [m[38;2;28;28;44m     –[m[38;2;103;103;128m –[m[38;2;103;103;128m    [m[38;2;103;103;128m  [m[38;2;103;103;128mv1.30.1[m[38;2;103;103;128m  [m[38;2;103;103;128m  [m[38;2;103;103;128m  [m[38;2;103;103;128m0s[m[38;2;103;103;128m  [m
[38;2;68;68;92m  1–4 of 4                                                                                                      ██████  [m
                                                                                                                        
                                                                                                                        
                                                                                                                        
                                                                                                                        
                                                                                                                        
                                                                                                                        
                                                                                                                        
                                                                                                                        
                                                                                                                        
                                                                                                                        
                                                                                                                        
                                                                                                                        
                                                                                                                        
                                                                                                                        
                                                                                                                        
                                                                                                                        
                                                                                                                        
                                                                                                                        
                                                                                                                        
                                                                                                                        
                                                                                                                        
                                                                                                                        
                                                                                                                        
[38;2;68;68;92m────────────────────────────────────────────────────────────────────────────────────────────────────────────────────────[m
  [38;2;167;139;250;48;2;29;22;51m NODES [m [38;2;167;139;250ms[m[38;2;103;103;128m node shell[m                                                                                          [38;2;167;139;250m?[m[38;2;103;103;128m help[m  