  [1;38;2;107;70;217mkute[m[38;2;198;198;212m │ [m[38;2;138;138;158mmicrok8s-cluster[m[38;2;180;180;198m › [m[38;2;107;70;217mdefault[m[38;2;180;180;198m › [m[1;38;2;20;20;28mPods[m[38;2;154;154;174m (g to jump)[m                                                  [38;2;204;58;58m◌ disconnected[m  
[38;2;180;180;198m────────────────────────────────────────────────────────────────────────────────────────────────────────────────────────[m
[48;2;251;233;234m  [m[38;2;204;58;58;48;2;251;233;234m▲[m[48;2;251;233;234m [m[38;2;160;44;44;48;2;251;233;234mdial tcp 10.0.0.5:16443: i/o timeout[m[48;2;251;233;234m                         [m[38;2;176;104;104;48;2;251;233;234mretry 3 · next in 4s[m[48;2;251;233;234m   [m[38;2;217;92;92;48;2;251;233;234mr[m[48;2;251;233;234m [m[38;2;176;104;104;48;2;251;233;234mretry now[m[48;2;251;233;234m   [m[38;2;217;92;92;48;2;251;233;234mc[m[48;2;251;233;234m [m[38;2;176;104;104;48;2;251;233;234mswitch context[m[48;2;251;233;234m  [m
[38;2;229;183;187m────────────────────────────────────────────────────────────────────────────────────────────────────────────────────────[m
  [38;2;168;123;10m⧗ showing snapshot from 11:58:26 · 94s old[m                                                    [38;2;154;154;174mcounts frozen · 2 pods[m  
[38;2;198;198;212m────────────────────────────────────────────────────────────────────────────────────────────────────────────────────────[m
  [38;2;154;154;174m[m   [38;2;154;154;174mNAME[m                                   [38;2;154;154;174mRDY[m    [38;2;154;154;174mSTATUS[m[38;2;107;70;217m ↑[m          [38;2;154;154;174m↺[m     [38;2;154;154;174mCPU[m           [38;2;154;154;174mMEM[m           [38;2;154;154;174mNODE[m        [38;2;154;154;174mAGE[m  
[38;2;198;198;212m────────────────────────────────────────────────────────────────────────────────────────────────────────────────────────[m
[38;2;107;70;217;48;2;236;229;251m▎[m[48;2;236;229;251m [m[38;2;201;134;134;48;2;236;229;251m✕[m[48;2;236;229;251m  [m[38;2;20;20;28;48;2;236;229;251mworker-0[m[48;2;236;229;251m                             [m[48;2;236;229;251m  [m[38;2;138;138;158;48;2;236;229;251m0/1[m[48;2;236;229;251m  [m[48;2;236;229;251m  [m[38;2;201;134;134;48;2;236;229;251mCrashLoopBackOff[m[48;2;236;229;251m  [m[38;2;179;154;86;48;2;236;229;251m6[m[48;2;236;229;251m   [m[48;2;236;229;251m  [m[38;2;226;228;236;48;2;236;229;251m     –[m[38;2;154;154;174;48;2;236;229;251m –[m[48;2;236;229;251m    [m[48;2;236;229;251m  [m[38;2;226;228;236;48;2;236;229;251m     –[m[38;2;154;154;174;48;2;236;229;251m –[m[48;2;236;229;251m    [m[48;2;236;229;251m  [m[38;2;154;154;174;48;2;236;229;251mnode-a[m[48;2;236;229;251m   [m[48;2;236;229;251m  [m[48;2;236;229;251m  [m[38;2;154;154;174;48;2;236;229;251m1h[m[48;2;236;229;251m  [m
[38;2;154;154;174m  [m[38;2;90;168;126m●[m[38;2;154;154;174m  [m[38;2;86;86;104mapi-7d9f6c8-abcde[m[38;2;154;154;174m                    [m[38;2;154;154;174m  [m[38;2;138;138;158m1/1[m[38;2;154;154;174m  [m[38;2;154;154;174m  [m[38;2;90;168;126mRunning[m[38;2;154;154;174m         [m[38;2;154;154;174m  [m[38;2;154;154;174m0[m[38;2;154;154;174m   [m[38;2;154;154;174m  [m[38;2;226;228;236m     –[m[38;2;154;154;174m –[m[38;2;154;154;174m    [m[38;2;154;154;174m  [m[38;2;226;228;236m     –[m[38;2;154;154;174m –[m[38;2;154;154;174m    [m[38;2;154;154;174m  [m[38;2;154;154;174mnode-a[m[38;2;154;154;174m   [m[38;2;154;154;174m  [m[38;2;154;154;174m  [m[38;2;154;154;174m1h[m[38;2;154;154;174m  [m
[38;2;180;180;198m  1–2 of 2                                                                                                      ██████  [m
                                                                                                                        
                                                                                                                        
                                                                                                                        
                                                                                                                        
                                                                                                                        
                                                                                                                        
                                                                                                                        
                                                                                                                        
                                                                                                                        
                                                                                                                        
                                                                                                                        
                                                                                                                        
                                                                                                                        
                                                                                                                        
                                                                                                                        
                                                                                                                        
                                                                                                                        
                                                                                                                        
                                                                                                                        
                                                                                                                        
                                                                                                                        
                                                                                                                        
                                                                                                                        
[38;2;180;180;198m────────────────────────────────────────────────────────────────────────────────────────────────────────────────────────[m
  [38;2;204;58;58;48;2;245;222;222m OFFLINE [m [38;2;107;70;217mr[m[38;2;138;138;158m retry[m  [38;2;107;70;217mc[m[38;2;138;138;158m context[m  [38;2;107;70;217m↑↓[m[38;2;138;138;158m browse snapshot[m                                           [38;2;138;138;158mmutating actions disabled[m  