  kute │ microk8s-cluster › default › Pods (g to jump)                                                  ◌ disconnected  
────────────────────────────────────────────────────────────────────────────────────────────────────────────────────────
  ▲ dial tcp 10.0.0.5:16443: i/o timeout                         retry 3 · next in 4s   r retry now   c switch context  
────────────────────────────────────────────────────────────────────────────────────────────────────────────────────────
  ⧗ showing snapshot from 11:58:26 · 94s old                                                    counts frozen · 2 pods  
────────────────────────────────────────────────────────────────────────────────────────────────────────────────────────
     NAME                                   RDY    STATUS ↑          ↺     CPU           MEM           NODE        AGE  
────────────────────────────────────────────────────────────────────────────────────────────────────────────────────────
▎ ✕  worker-0                               0/1    CrashLoopBackOff  6          – –           – –      node-a       1h  
  ●  api-7d9f6c8-abcde                      1/1    Running           0          – –           – –      node-a       1h  
  1–2 of 2                                                                                                      ██████  
                                                                                                                        
                                                                                                                        
                                                                                                                        
                                                                                                                        
                                                                                                                        
                                                                                                                        
                                                                                                                        
                                                                                                                        
                                                                                                                        
                                                                                                                        
                                                                                                                        
                                                                                                                        
                                                                                                                        
                                                                                                                        
                                                                                                                        
                                                                                                                        
                                                                                                                        
                                                                                                                        
                                                                                                                        
                                                                                                                        
                                                                                                                        
                                                                                                                        
                                                                                                                        
────────────────────────────────────────────────────────────────────────────────────────────────────────────────────────
   OFFLINE  r retry  c context  ↑↓ browse snapshot                                           mutating actions disabled  