  kute │ microk8s-cluster › default › Deployments (g to jump)      ● connected  
────────────────────────────────────────────────────────────────────────────────
  ● 1 stable                                                     1 deployments  
────────────────────────────────────────────────────────────────────────────────
     NAME          READY  ROLLOUT               IMAGE                      AGE  
────────────────────────────────────────────────────────────────────────────────
▎ ●  aim-worker    4/4    stable                registry.aim.dev/aim-wo…   30d  
                                                                                
  ╭──────────────────────────────────────────────────────────────────────────╮  
  │ container   worker   metrics-sidecar                  ↹ switch container │  
  │──────────────────────────────────────────────────────────────────────────│  
  │ image › registry.aim.dev/aim-worker:3.4.2▎                               │  
  │──────────────────────────────────────────────────────────────────────────│  
  │ TAG         SEEN           FROM                                          │  
  │   3.4.3     40m ago        deploy/aim-worker · aim-prod                  │  
  │ › 3.4.2     2d · current   rev 43 · this deployment                      │  
  │   3.4.1     21d · rev 42   rollout history · rollback target             │  
  ╰──────────────────────────────────────────────────────────────────────────╯  
                                                                                
────────────────────────────────────────────────────────────────────────────────
  will run same image — apply is a no-op; use rollout restart                   
                                                                                
────────────────────────────────────────────────────────────────────────────────
   SET IMAGE  ↵ apply  ↑↓ pick from history  ↹ container  ctrl-u full ref  es...