  [1;38;2;107;70;217mkute[0m[38;2;198;198;211m │ [0m[38;2;138;138;158mmicrok8s-cluster[0m[38;2;179;179;198m › [0m[38;2;107;70;217mdefault[0m[38;2;179;179;198m › [0m[1;38;2;20;20;28mDeployments[0m[38;2;154;154;174m (g to jump)[0m                                              [38;2;20;138;78m● connected[0m  
[38;2;179;179;198m────────────────────────────────────────────────────────────────────────────────────────────────────────────────────────[0m
  [38;2;20;138;78m●[0m [38;2;42;42;56m1[0m [38;2;138;138;158mstable[0m                                                                                             [38;2;138;138;158m1 deployments[0m  
[38;2;198;198;211m────────────────────────────────────────────────────────────────────────────────────────────────────────────────────────[0m
  [38;2;154;154;174m[0m   [38;2;154;154;174mNAME[0m                                                  [38;2;154;154;174mREADY[0m  [38;2;154;154;174mROLLOUT[0m               [38;2;154;154;174mIMAGE[0m                      [38;2;154;154;174mAGE[0m  
[38;2;198;198;211m────────────────────────────────────────────────────────────────────────────────────────────────────────────────────────[0m
[38;2;107;70;217;48;2;236;229;251m▎[0m[48;2;236;229;251m [0m[38;2;20;138;78;48;2;236;229;251m●[0m[48;2;236;229;251m  [0m[38;2;20;20;28;48;2;236;229;251maim-worker[0m[48;2;236;229;251m                                          [0m[48;2;236;229;251m  [0m[38;2;86;86;104;48;2;236;229;251m4/4[0m[48;2;236;229;251m  [0m[48;2;236;229;251m  [0m[38;2;138;138;158;48;2;236;229;251mstable[0m[48;2;236;229;251m              [0m[48;2;236;229;251m  [0m[38;2;138;138;158;48;2;236;229;251mregistry.aim.dev/aim-wo…[0m[48;2;236;229;251m  [0m[48;2;236;229;251m [0m[38;2;138;138;158;48;2;236;229;251m30d[0m[48;2;236;229;251m  [0m
                                                                                                                        
  [38;2;185;188;208m╭──────────────────────────────────────────────────────────────────────────────────────────────────────────────────╮[0m  
  [38;2;185;188;208m│[0m [38;2;154;154;174mcontainer[0m  [1;38;2;89;54;184;48;2;236;229;251m worker [0m  [38;2;154;154;174musage: from the metrics poll[0m                        [38;2;204;58;58m✕ OOMKilled 4m ago at the current limit[0m [38;2;185;188;208m│[0m  
  [38;2;185;188;208m│[0m[38;2;227;230;238m──────────────────────────────────────────────────────────────────────────────────────────────────────────────────[0m[38;2;185;188;208m│[0m  
  [38;2;185;188;208m│[0m [38;2;154;154;174m  FIELD       CURRENT   NEW           P95 USAGE                                                                 [0m [38;2;185;188;208m│[0m  
  [38;2;185;188;208m│[0m   [38;2;86;86;104mcpu request[0m [38;2;138;138;158m250m[0m      [38;2;138;138;158m250m[0m          [38;2;168;123;10m▮▮▮▮▮▮▮▮[0m[38;2;226;227;236m▯▯[0m [38;2;168;123;10m182m[0m                                                            [38;2;185;188;208m│[0m  
  [38;2;185;188;208m│[0m   [38;2;86;86;104mcpu limit[0m   [38;2;138;138;158m1[0m         [38;2;138;138;158m1[0m             [38;2;107;70;217m▮▮[0m[38;2;226;227;236m▯▯▯▯▯▯▯▯[0m [38;2;138;138;158m182m[0m                                                            [38;2;185;188;208m│[0m  
  [38;2;185;188;208m│[0m   [38;2;86;86;104mmem request[0m [38;2;138;138;158m512Mi[0m     [38;2;138;138;158m512Mi[0m         [38;2;204;58;58m▮▮▮▮▮▮▮▮▮▮[0m [38;2;160;44;44m512Mi[0m                                                           [38;2;185;188;208m│[0m  
  [38;2;185;188;208m│[0m [38;2;107;70;217;48;2;236;229;251m›[0m[48;2;236;229;251m [0m[48;2;236;229;251m[0m[38;2;20;20;28;48;2;236;229;251mmem limit[0m[48;2;236;229;251m   [0m[38;2;138;138;158;48;2;236;229;251m512Mi[0m[48;2;236;229;251m     [0m[1;38;2;20;20;28;48;2;236;229;251m768Mi[0m[38;2;107;70;217;48;2;236;229;251m▎[0m[48;2;236;229;251m        [0m[38;2;204;58;58;48;2;236;229;251m▮▮▮▮▮▮▮▮▮▮[0m[48;2;236;229;251m [0m[38;2;160;44;44;48;2;236;229;251m512Mi[0m[48;2;236;229;251m                                                          [0m [38;2;185;188;208m│[0m  
  [38;2;185;188;208m╰──────────────────────────────────────────────────────────────────────────────────────────────────────────────────╯[0m  
                                                                                                                        
[38;2;227;230;238m────────────────────────────────────────────────────────────────────────────────────────────────────────────────────────[0m
[48;2;242;243;247m  [0m[38;2;138;138;158;48;2;242;243;247mwill run[0m[48;2;242;243;247m [0m[38;2;86;86;104;48;2;242;243;247mkubectl set resources deploy/aim-worker -c worker --limits=memory=768Mi -n default[0m[48;2;242;243;247m                           [0m
                                                                                                                        
                                                                                                                        
                                                                                                                        
                                                                                                                        
                                                                                                                        
                                                                                                                        
                                                                                                                        
                                                                                                                        
                                                                                                                        
                                                                                                                        
                                                                                                                        
                                                                                                                        
                                                                                                                        
                                                                                                                        
[38;2;179;179;198m────────────────────────────────────────────────────────────────────────────────────────────────────────────────────────[0m
  [38;2;107;70;217;48;2;236;229;251m RESOURCES [0m [38;2;107;70;217m↵[0m[38;2;138;138;158m apply changed fields[0m  [38;2;107;70;217m↑↓[0m[38;2;138;138;158m field[0m  [38;2;107;70;217m+/−[0m[38;2;138;138;158m nudge (64Mi / 50m)[0m  [38;2;107;70;217mu[0m[38;2;138;138;158m unset field[0m  [38;2;107;70;217mesc[0m[38;2;138;138;158m cancel[0m                       