  [1;38;2;107;70;217mkute[m[38;2;198;198;212m │ [m[38;2;138;138;158mmicrok8s-cluster[m[38;2;180;180;198m › [m[38;2;107;70;217mdefault[m[38;2;180;180;198m › [m[1;38;2;20;20;28mDeployments[m[38;2;154;154;174m (g to jump)[m                                              [38;2;20;138;78m● connected[m  
[38;2;180;180;198m────────────────────────────────────────────────────────────────────────────────────────────────────────────────────────[m
  [38;2;20;138;78m●[m [38;2;42;42;56m1[m [38;2;138;138;158mstable[m                                                                                             [38;2;138;138;158m1 deployments[m  
[38;2;198;198;212m────────────────────────────────────────────────────────────────────────────────────────────────────────────────────────[m
  [38;2;154;154;174m[m   [38;2;154;154;174mNAME[m                                                  [38;2;154;154;174mRDY[m    [38;2;154;154;174mROLLOUT[m               [38;2;154;154;174mIMAGE[m                      [38;2;154;154;174mAGE[m  
[38;2;198;198;212m────────────────────────────────────────────────────────────────────────────────────────────────────────────────────────[m
[38;2;107;70;217;48;2;236;229;251m▎[m[48;2;236;229;251m [m[38;2;20;138;78;48;2;236;229;251m●[m[48;2;236;229;251m  [m[38;2;20;20;28;48;2;236;229;251maim-worker[m[48;2;236;229;251m                                          [m[48;2;236;229;251m  [m[38;2;86;86;104;48;2;236;229;251m4/4[m[48;2;236;229;251m  [m[48;2;236;229;251m  [m[38;2;138;138;158;48;2;236;229;251mstable[m[48;2;236;229;251m              [m[48;2;236;229;251m  [m[38;2;138;138;158;48;2;236;229;251mregistry.aim.dev/aim-wo…[m[48;2;236;229;251m  [m[48;2;236;229;251m [m[38;2;138;138;158;48;2;236;229;251m30d[m[48;2;236;229;251m  [m
                                                                                                                        
  [38;2;185;188;208m╭──────────────────────────────────────────────────────────────────────────────────────────────────────────────────╮[m  
  [38;2;185;188;208m│[m [38;2;154;154;174mcontainer[m  [1;38;2;89;54;184;48;2;236;229;251m worker [m  [38;2;138;138;158mmetrics-sidecar[m                                                          [38;2;154;154;174m↹ switch container[m [38;2;185;188;208m│[m  
  [38;2;185;188;208m│[m[38;2;228;230;238m──────────────────────────────────────────────────────────────────────────────────────────────────────────────────[m[38;2;185;188;208m│[m  
  [38;2;185;188;208m│[m [38;2;107;70;217mimage ›[m [38;2;138;138;158mregistry.aim.dev/aim-worker:[m[38;2;167;139;250m[m[1;38;2;240;240;250m3.4.2[m[7;38;2;167;139;250m [m                                    [38;2;154;154;174mediting tag · ctrl-u edit full ref[m [38;2;185;188;208m│[m  
  [38;2;185;188;208m│[m[38;2;228;230;238m──────────────────────────────────────────────────────────────────────────────────────────────────────────────────[m[38;2;185;188;208m│[m  
  [38;2;185;188;208m│[m [38;2;154;154;174mTAG         SEEN           FROM[m                                                                                  [38;2;185;188;208m│[m  
  [38;2;185;188;208m│[m   [38;2;86;86;104m3.4.3[m     [38;2;138;138;158m40m ago[m        [38;2;138;138;158mdeploy/aim-worker · aim-prod[m                                                          [38;2;185;188;208m│[m  
  [38;2;185;188;208m│[m [48;2;236;229;251m[38;2;107;70;217m›[m [38;2;20;20;28m3.4.2[m     [38;2;138;138;158m2d · current[m   [38;2;138;138;158mrev 43 · this deployment[m                                                             [m [38;2;185;188;208m│[m  
  [38;2;185;188;208m│[m   [38;2;86;86;104m3.4.1[m     [38;2;138;138;158m21d · rev 42[m   [38;2;138;138;158mrollout history · rollback target[m                                                     [38;2;185;188;208m│[m  
  [38;2;185;188;208m╰──────────────────────────────────────────────────────────────────────────────────────────────────────────────────╯[m  
                                                                                                                        
[38;2;228;230;238m────────────────────────────────────────────────────────────────────────────────────────────────────────────────────────[m
[48;2;242;243;247m  [m[38;2;138;138;158;48;2;242;243;247mwill run[m[48;2;242;243;247m [m[38;2;86;86;104;48;2;242;243;247msame image — apply is a no-op; use rollout restart[m[48;2;242;243;247m                                                         [m[48;2;242;243;247m  [m
                                                                                                                        
                                                                                                                        
                                                                                                                        
                                                                                                                        
                                                                                                                        
                                                                                                                        
                                                                                                                        
                                                                                                                        
                                                                                                                        
                                                                                                                        
                                                                                                                        
                                                                                                                        
                                                                                                                        
[38;2;180;180;198m────────────────────────────────────────────────────────────────────────────────────────────────────────────────────────[m
  [38;2;107;70;217;48;2;236;229;251m SET IMAGE [m [38;2;107;70;217m↵[m[38;2;138;138;158m apply[m  [38;2;107;70;217m↑↓[m[38;2;138;138;158m pick from history[m  [38;2;107;70;217m↹[m[38;2;138;138;158m container[m  [38;2;107;70;217mctrl-u[m[38;2;138;138;158m full ref[m  [38;2;107;70;217mesc[m[38;2;138;138;158m cancel[m          [38;2;138;138;158mwatch the rollout in 9a[m  