  kute │  c microk8s-cluster › n default › g Deployments                                                   ● connected  
────────────────────────────────────────────────────────────────────────────────────────────────────────────────────────
  ● 1 stable                                                                                             1 deployments  
────────────────────────────────────────────────────────────────────────────────────────────────────────────────────────
     NAME                                                 RDY    ROLLOUT               IMAGE                       AGE  
────────────────────────────────────────────────────────────────────────────────────────────────────────────────────────
▎ ●  nva-worker                                           4/4    stable                registry.nva.dev/nva-wo…    30d  
  1–1 of 1                                                                                                      ██████  
                                                                                                                        
                                                                                                                        
                                                                                                                        
                                                                                                                        
                                                                                                                        
                                                                                                                        
                                                                                                                        
                                                                                                                        
                                                                                                                        
                                                                                                                        
                                                                                                                        
                                                                                                                        
                                                                                                                        
                                                                                                                        
                                                                                                                        
                                                                                                                        
                                                                                                                        
                                                                                                                        
                                                                                                                        
                                                                                                                        
                                                                                                                        
                                                                                                                        
                                                                                                                        
                                                                                                                        
                                                                                                                        
                                                                                                                        
────────────────────────────────────────────────────────────────────────────────────────────────────────────────────────
   CONFIRM  y confirm  esc cancel                       will run: kubectl rollout restart deploy/nva-worker -n default  