  ❯ kute │ microk8s-cluster › default › Deployments (g to jump)    ● connected  
────────────────────────────────────────────────────────────────────────────────
  ● 1 stable                                                     1 deployments  
────────────────────────────────────────────────────────────────────────────────
     NAME         RDY    ROLLOUT               IMAGE                       AGE  
────────────────────────────────────────────────────────────────────────────────
▎ ●  nva-worker   4/4    stable                registry.nva.dev/nva-wo…    30d  
  1–1 of 1                                                              ██████  
                                                                                
                                                                                
                                                                                
                                                                                
                                                                                
                                                                                
                                                                                
                                                                                
                                                                                
                                                                                
                                                                                
                                                                                
                                                                                
                                                                                
────────────────────────────────────────────────────────────────────────────────
   CONFIRM  y confirm  n cancel                                                 