  kute │ microk8s-cluster › default › Timeline · all time          ● connected  
────────────────────────────────────────────────────────────────────────────────
⇅ 1 rollout   ↺ 2 restarts   ▲ 2 warnings                                       
────────────────────────────────────────────────────────────────────────────────
  WHEN       +CHANGE  WHAT                                                OBJECT
  1m      ▲  +4m      BackOff · back-off restarting faile…  Pod/api-gateway-9x2…
  3m      ↺  +3m      Restarted · app · OOMKilled · exit …  Pod/api-gateway-9x2…
  6m      ⇅  ROLLOUT deploy/api-gateway · rev 5 …                               
  11m     ▲  before   FailedScheduling · 0/3 nodes are av…  Pod/worker-77f9c-ab…
  18m     ↺  before   Restarted · app · OOMKilled · exit …  Pod/worker-77f9c-ab…
▸ normal 1 normal events — Pulled…                                      ↹ expand
                                                                                
                                                                                
                                                                                
                                                                                
                                                                                
                                                                                
                                                                                
                                                                                
                                                                                
                                                                                
                                                                                
────────────────────────────────────────────────────────────────────────────────
   TIMELINE  esc back  ↵ open │ w warnings only  t time window │ / filter │ t...