  [1;38;2;167;139;250mkute[m[38;2;68;68;92m │ [m[38;2;103;103;128mmicrok8s-cluster[m[38;2;68;68;92m › [m[38;2;103;103;128mdefault[m[38;2;68;68;92m › [m[38;2;103;103;128mPod/checkout-api-7d9f6c8b95-k2m9x[m[38;2;68;68;92m › [m[1;38;2;240;240;250mTimeline[m                         [38;2;52;209;123m● connected[m  
[38;2;68;68;92m────────────────────────────────────────────────────────────────────────────────────────────────────────────────────────[m
[38;2;167;139;250m⇅[m [38;2;216;216;232m1[m [38;2;85;85;110mrollout[m   [38;2;154;154;178m↺[m [38;2;216;216;232m1[m [38;2;85;85;110mrestarts[m   [38;2;232;199;74m▲[m [38;2;216;216;232m1[m [38;2;85;85;110mwarnings[m                                                         [38;2;85;85;110mall time · merged feed[m
[38;2;51;51;74m────────────────────────────────────────────────────────────────────────────────────────────────────────────────────────[m
  [38;2;85;85;110mROLLOUT HISTORY[m                [38;2;51;51;74m│[m[38;2;85;85;110m  WHEN       WHAT — pod/checkout-api-7d9f6c8b95-k2m9x + its pods[m                      
[38;2;51;51;74m─────────────────────────────────[m[38;2;51;51;74m│[m[38;2;51;51;74m──────────────────────────────────────────────────────────────────────────────────────[m
[38;2;167;139;250;48;2;29;22;51m▎[m[48;2;29;22;51m [m[1;38;2;240;240;250;48;2;29;22;51mrev 5[m[48;2;29;22;51m                       [m[38;2;103;103;128;48;2;29;22;51m2m[m[48;2;29;22;51m [m[38;2;51;51;74m│[m[38;2;167;139;250;48;2;29;22;51m▎[m[48;2;29;22;51m [m[38;2;85;85;110;48;2;29;22;51m1m    [m[48;2;29;22;51m  [m[38;2;232;199;74;48;2;29;22;51m▲[m[48;2;29;22;51m  [m[38;2;154;154;178;48;2;29;22;51mBackOff · back-off restarting failed container                           [m[48;2;29;22;51m[m
[38;2;167;139;250;48;2;29;22;51m▎[m[48;2;29;22;51m [m[38;2;196;181;253;48;2;29;22;51mcheckout-api:1.9.0[m[48;2;29;22;51m             [m[38;2;51;51;74m│[m  [38;2;85;85;110m2m    [m  [1;38;2;167;139;250m⇅[m  [38;2;216;216;232mROLLOUT rev 5 · checkout-api:1.9.0                                       [m
[38;2;167;139;250;48;2;29;22;51m▎[m[48;2;29;22;51m [m[38;2;52;209;123;48;2;29;22;51m● stable 2m[m[48;2;29;22;51m                    [m[38;2;51;51;74m│[m[38;2;51;51;74m──────────────────────────────────────────────────────────────────────────────────────[m
                                 [38;2;51;51;74m│[m  [38;2;85;85;110m4m    [m  [38;2;232;199;74m↺[m  [38;2;154;154;178mRestarted · app · OOMKilled · exit 137                                   [m
  [38;2;154;154;178mrev 4[m                      [38;2;103;103;128m45m[m [38;2;51;51;74m│[m  [38;2;85;85;110m5m    [m  [38;2;106;168;239m○[m  [38;2;154;154;178mStarted · Started container checkout-api                                 [m
  [38;2;103;103;128mcheckout-api:1.8.2[m             [38;2;51;51;74m│[m                                                                                      
  [38;2;239;106;106m▲ 1 restart[m                    [38;2;51;51;74m│[m                                                                                      
                                 [38;2;51;51;74m│[m                                                                                      
  [38;2;154;154;178mrev 3[m                       [38;2;103;103;128m3h[m [38;2;51;51;74m│[m                                                                                      
  [38;2;103;103;128mcheckout-api:1.8.0[m             [38;2;51;51;74m│[m                                                                                      
  [38;2;52;209;123m● stable 2h[m                    [38;2;51;51;74m│[m                                                                                      
                                 [38;2;51;51;74m│[m                                                                                      
                                 [38;2;51;51;74m│[m                                                                                      
                                 [38;2;51;51;74m│[m                                                                                      
                                 [38;2;51;51;74m│[m                                                                                      
                                 [38;2;51;51;74m│[m                                                                                      
                                 [38;2;51;51;74m│[m                                                                                      
                                 [38;2;51;51;74m│[m                                                                                      
                                 [38;2;51;51;74m│[m                                                                                      
                                 [38;2;51;51;74m│[m                                                                                      
                                 [38;2;51;51;74m│[m                                                                                      
                                 [38;2;51;51;74m│[m                                                                                      
                                 [38;2;51;51;74m│[m                                                                                      
                                 [38;2;51;51;74m│[m                                                                                      
                                 [38;2;51;51;74m│[m                                                                                      
                                 [38;2;51;51;74m│[m                                                                                      
                                 [38;2;51;51;74m│[m                                                                                      
                                 [38;2;51;51;74m│[m                                                                                      
[38;2;68;68;92m────────────────────────────────────────────────────────────────────────────────────────────────────────────────────────[m
  [38;2;167;139;250;48;2;29;22;51m TIMELINE [m [38;2;167;139;250mesc[m[38;2;103;103;128m back[m  [38;2;167;139;250m↵[m[38;2;103;103;128m open[m[38;2;38;38;58m │ [m[38;2;167;139;250mt[m[38;2;103;103;128m time window[m[38;2;38;38;58m │ [m[38;2;167;139;250mtab[m[38;2;103;103;128m focus rail/feed[m[38;2;38;38;58m │ [m[38;2;167;139;250m↑↓[m[38;2;103;103;128m select revision[m                        [38;2;167;139;250m?[m[38;2;103;103;128m help[m  