  [1;38;2;240;240;250mkute[m[38;2;68;68;92m │ [m[38;2;103;103;128mmicrok8s-cluster[m[38;2;68;68;92m › [m[38;2;167;139;250mflux-system[m[38;2;68;68;92m › [m[1;38;2;240;240;250mTimeline[m[38;2;68;68;92m · all time[m                                              [38;2;52;209;123m● connected[m  
[38;2;68;68;92m────────────────────────────────────────────────────────────────────────────────────────────────────────────────────────[m
[38;2;167;139;250m⇅[m [38;2;216;216;232m1[m [38;2;85;85;110mrollout[m   [38;2;154;154;178m↺[m [38;2;216;216;232m0[m [38;2;85;85;110mrestarts[m   [38;2;232;199;74m▲[m [38;2;216;216;232m1[m [38;2;85;85;110mwarnings[m                                                         [38;2;85;85;110mall time · merged feed[m
[38;2;51;51;74m────────────────────────────────────────────────────────────────────────────────────────────────────────────────────────[m
[38;2;85;85;110m  WHEN       +CHANGE  WHAT                                                                                        OBJECT[m
[38;2;51;51;74m────────────────────────────────────────────────────────────────────────────────────────────────────────────────────────[m
[38;2;167;139;250;48;2;29;22;51m▎[m[48;2;29;22;51m [m[38;2;85;85;110;48;2;29;22;51m2m    [m[48;2;29;22;51m  [m[1;38;2;196;181;253;48;2;29;22;51m◆[m[48;2;29;22;51m  [m[38;2;85;85;110;48;2;29;22;51m+2m    [m[48;2;29;22;51m  [m[38;2;154;154;178;48;2;29;22;51mRevision applied · kustomization/nebula-workers · master@efd398b ·          [m[48;2;29;22;51m  [m[38;2;103;103;128;48;2;29;22;51mKustomization/nebul…[m[48;2;29;22;51m[m
[38;2;167;139;250;48;2;29;22;51m▎[m[48;2;29;22;51m [m[38;2;85;85;110;48;2;29;22;51m      [m[48;2;29;22;51m  [m[38;2;85;85;110;48;2;29;22;51m [m[48;2;29;22;51m  [m[38;2;85;85;110;48;2;29;22;51m       [m[48;2;29;22;51m  [m[38;2;154;154;178;48;2;29;22;51m"openwebui bumped to 16.0.0"                                                [m[48;2;29;22;51m  [m[38;2;103;103;128;48;2;29;22;51m                    [m[48;2;29;22;51m[m
  [38;2;85;85;110m4m    [m  [1;38;2;167;139;250m⇅[m  [38;2;216;216;232mROLLOUT deploy/nebula-worker · rev 7 · image nebula-worker:16.0.0           [m                               
[38;2;51;51;74m────────────────────────────────────────────────────────────────────────────────────────────────────────────────────────[m
  [38;2;85;85;110m9m    [m  [38;2;232;199;74m▲[m  [38;2;85;85;110mbefore [m  [38;2;154;154;178mUnhealthy · Readiness probe failed: HTTP probe failed with statuscode: 503  [m  [38;2;103;103;128mPod/nebula-worker-6…[m
  [38;2;85;85;110m52m   [m  [1;38;2;196;181;253m◆[m  [38;2;85;85;110mbefore [m  [38;2;154;154;178mRevision applied · kustomization/nebula-workers · master@7c1a9f4            [m  [38;2;103;103;128mKustomization/nebul…[m
[38;2;85;85;110m▸[m [38;2;154;154;178mnormal[m [38;2;85;85;110m1 normal events — ReconciliationSucceeded…[m                                                             [38;2;103;103;128m↹ expand[m
                                                                                                                        
                                                                                                                        
                                                                                                                        
                                                                                                                        
                                                                                                                        
                                                                                                                        
                                                                                                                        
                                                                                                                        
                                                                                                                        
                                                                                                                        
                                                                                                                        
                                                                                                                        
                                                                                                                        
                                                                                                                        
                                                                                                                        
                                                                                                                        
                                                                                                                        
                                                                                                                        
                                                                                                                        
                                                                                                                        
                                                                                                                        
[38;2;68;68;92m────────────────────────────────────────────────────────────────────────────────────────────────────────────────────────[m
  [38;2;167;139;250;48;2;29;22;51m TIMELINE [m [38;2;167;139;250mw[m[38;2;103;103;128m warnings only[m  [38;2;167;139;250mt[m[38;2;103;103;128m time window[m[38;2;38;38;58m │ [m[38;2;167;139;250m/[m[38;2;103;103;128m filter[m[38;2;38;38;58m │ [m[38;2;167;139;250mtab[m[38;2;103;103;128m expand/collapse normal[m[38;2;38;38;58m │ [m[38;2;167;139;250mv[m[38;2;103;103;128m copy revision[m           [38;2;167;139;250m?[m[38;2;103;103;128m help[m  