  [1;38;2;167;139;250mkute[m[38;2;68;68;92m │ [m[38;2;103;103;128mtest-cluster[m[38;2;68;68;92m › [m[38;2;103;103;128mnva-worker-creds[m[38;2;68;68;92m › [m[1;38;2;240;240;250mYAML[m                                     [38;2;52;209;123m● live · updates as object changes[m  
[38;2;68;68;92m────────────────────────────────────────────────────────────────────────────────────────────────────────────────────────[m
[38;2;103;103;128mSecret · Opaque · 3 keys · 1 revealed[m                               [38;2;85;85;110mdecoded in memory only — never logged, never on disk[m
[38;2;51;51;74m────────────────────────────────────────────────────────────────────────────────────────────────────────────────────────[m
[38;2;68;68;92m  1 [m[38;2;201;143;222mapiVersion[m[38;2;85;85;110m:[m[38;2;154;154;178m [m[38;2;154;154;178mv1[m                                                                                                      
[38;2;68;68;92m  2 [m[38;2;201;143;222mkind[m[38;2;85;85;110m:[m[38;2;154;154;178m [m[38;2;154;154;178mSecret[m                                                                                                        
[38;2;68;68;92m  3 [m[38;2;201;143;222mmetadata[m[38;2;85;85;110m:[m                                                                                                           
[38;2;68;68;92m  4 [m[38;2;154;154;178m  [m[38;2;201;143;222mname[m[38;2;85;85;110m:[m[38;2;154;154;178m [m[38;2;154;154;178mnva-worker-creds[m                                                                                            
[38;2;68;68;92m  5 [m[38;2;154;154;178m  [m[38;2;201;143;222mnamespace[m[38;2;85;85;110m:[m[38;2;154;154;178m [m[38;2;154;154;178mnva-stage[m                                                                                              
[38;2;68;68;92m  6 [m[38;2;201;143;222mdata[m[38;2;85;85;110m:[m                                                                                                               
[38;2;68;68;92m  7 [m  [38;2;201;143;222mapi-token:[m[38;2;68;68;92m •••••••• · base64 · 20 B[m                                                                               
[38;2;68;68;92;48;2;29;22;51m  8 [m  [38;2;201;143;222;48;2;29;22;51mdb-password:[m[38;2;68;68;92;48;2;29;22;51m •••••••• · base64 · 12 B[m                                                                             
[38;2;68;68;92m  9 [m  [38;2;201;143;222musername:[m[38;2;184;215;143m svc-nva-worker[m [48;2;232;199;74m [m[1;38;2;11;11;16;48;2;232;199;74mrevealed[m[48;2;232;199;74m [m                                                                               
[38;2;68;68;92m 10 [m[38;2;201;143;222mtype[m[38;2;85;85;110m:[m[38;2;154;154;178m [m[38;2;154;154;178mOpaque[m                                                                                                        
                                                                                                                        
                                                                                                                        
                                                                                                                        
                                                                                                                        
                                                                                                                        
                                                                                                                        
                                                                                                                        
                                                                                                                        
                                                                                                                        
                                                                                                                        
                                                                                                                        
                                                                                                                        
                                                                                                                        
                                                                                                                        
                                                                                                                        
                                                                                                                        
                                                                                                                        
                                                                                                                        
                                                                                                                        
                                                                                                                        
[38;2;68;68;92m────────────────────────────────────────────────────────────────────────────────────────────────────────────────────────[m
  [38;2;167;139;250;48;2;29;22;51m SECRET [m [38;2;167;139;250mesc[m[38;2;103;103;128m back[m[38;2;38;38;58m │ [m[38;2;167;139;250m↑↓[m[38;2;103;103;128m jk[m[38;2;38;38;58m │ [m[38;2;167;139;250mtab[m[38;2;103;103;128m fold/unfold[m  [38;2;167;139;250mf[m[38;2;103;103;128m unfold all[m[38;2;38;38;58m │ [m[38;2;167;139;250m/[m[38;2;103;103;128m search[m  [38;2;167;139;250mY[m[38;2;103;103;128m copy[m[38;2;38;38;58m │ [m[38;2;167;139;250mx[m[38;2;103;103;128m reveal/mask[m  [38;2;167;139;250mX[m[38;2;103;103;128m reveal all[m  [38;2;167;139;250my[m[38;2;103;103;128m copy ...[m