  kute │ test-cluster › nva-worker-creds › YAML                                 
────────────────────────────────────────────────────────────────────────────────
Secret · Opaque · 3 keys · 1 revealed decoded in memory only — never logged, ...
────────────────────────────────────────────────────────────────────────────────
  1 apiVersion: v1                                                              
  2 kind: Secret                                                                
  3 metadata:                                                                   
  4   name: nva-worker-creds                                                    
  5   namespace: nva-stage                                                      
  6 data:                                                                       
  7   api-token: •••••••• · base64 · 20 B                                       
  8   db-password: •••••••• · base64 · 12 B                                     
  9   username: svc-nva-worker  revealed                                        
 10 type: Opaque                                                                
                                                                                
                                                                                
                                                                                
                                                                                
                                                                                
                                                                                
                                                                                
                                                                                
────────────────────────────────────────────────────────────────────────────────
   SECRET  esc back │ ↑↓ jk │ tab fold/unfold  f unfold all │ / search  Y cop...