  [1;38;2;107;70;217mkute[0m[38;2;179;179;198m │ [0m[38;2;138;138;158mtest-cluster[0m[38;2;179;179;198m › [0m[38;2;138;138;158mnva-stage[0m[38;2;179;179;198m › [0m[1;38;2;20;20;28mIngress/web[0m                                                      [38;2;20;138;78m● connected · 8ms[0m  
[38;2;179;179;198m────────────────────────────────────────────────────────────────────────────────────────────────────────────────────────[0m
  [38;2;86;86;104mnginx · 1 hosts · 3 routes[0m   [38;2;20;138;78m●[0m [38;2;138;138;158m2 healthy[0m   [38;2;204;58;58m✕[0m [38;2;138;138;158m1 broken[0m                        [38;2;138;138;158mbackends resolved from the watch · live[0m  
[38;2;198;198;211m────────────────────────────────────────────────────────────────────────────────────────────────────────────────────────[0m
  [38;2;154;154;174m[0m   [38;2;154;154;174mHOST + PATH[0m                                      [38;2;154;154;174mTLS[0m        [38;2;154;154;174mBACKEND[0m                                     [38;2;154;154;174mENDPOINTS[0m  
[38;2;107;70;217;48;2;236;229;251m▎[0m[48;2;236;229;251m [0m[38;2;20;138;78;48;2;236;229;251m●[0m[48;2;236;229;251m  [0m[38;2;20;20;28;48;2;236;229;251mnva.example.com /api[0m[48;2;236;229;251m                           [0m[48;2;236;229;251m  [0m[38;2;168;123;10;48;2;236;229;251m● 19d[0m[48;2;236;229;251m    [0m[48;2;236;229;251m  [0m[38;2;42;42;56;48;2;236;229;251mapi:8080[0m[48;2;236;229;251m                                [0m[48;2;236;229;251m  [0m[48;2;236;229;251m    [0m[38;2;138;138;158;48;2;236;229;251m1 ready[0m[48;2;236;229;251m  [0m
  [38;2;204;58;58m✕[0m  [38;2;160;44;44mnva.example.com /legacy[0m                          [38;2;168;123;10m● 19d[0m      [38;2;204;58;58mold-svc:80[0m                                          [38;2;204;58;58m—[0m  
  [38;2;168;123;10m◐[0m  [38;2;42;42;56mnva.example.com /beta[0m                            [38;2;168;123;10m● 19d[0m      [38;2;42;42;56mbeta-svc:8080[0m                                 [38;2;168;123;10m0 ready[0m  
  [38;2;154;154;174mtls[0m  [38;2;86;86;104mnva-tls · [0m[38;2;168;123;10mexpires in 19d[0m                                                                                         
                                                                                                                        
                                                                                                                        
                                                                                                                        
                                                                                                                        
                                                                                                                        
                                                                                                                        
                                                                                                                        
                                                                                                                        
                                                                                                                        
                                                                                                                        
                                                                                                                        
                                                                                                                        
                                                                                                                        
                                                                                                                        
                                                                                                                        
                                                                                                                        
                                                                                                                        
                                                                                                                        
                                                                                                                        
                                                                                                                        
                                                                                                                        
                                                                                                                        
                                                                                                                        
                                                                                                                        
                                                                                                                        
[38;2;179;179;198m────────────────────────────────────────────────────────────────────────────────────────────────────────────────────────[0m
  [38;2;107;70;217;48;2;236;229;251m ROUTES [0m [38;2;107;70;217mesc[0m[38;2;138;138;158m back[0m[38;2;213;215;224m │ [0m[38;2;107;70;217m↵[0m[38;2;138;138;158m open[0m  [38;2;107;70;217my[0m[38;2;138;138;158m copy url[0m  [38;2;107;70;217mtab[0m[38;2;138;138;158m tls secret[0m[38;2;213;215;224m │ [0m[38;2;107;70;217mY[0m[38;2;138;138;158m copy yaml[0m                                                  