  [1;38;2;107;70;217mkute[0m[38;2;179;179;198m │ [0m[38;2;138;138;158mnva-stage-cluster[0m[38;2;179;179;198m › [0m[38;2;138;138;158mPods[0m[38;2;179;179;198m › [0m[1;38;2;20;20;28mnva-gateway-2b81x[0m                                                      [38;2;20;138;78m● connected[0m  
[38;2;179;179;198m────────────────────────────────────────────────────────────────────────────────────────────────────────────────────────[0m
                                                                                                                        
                                                                                                                        
                                                                                                                        
                                                                                                                        
                                                                                                                        
                                                                                                                        
                                                                                                                        
                                                                                                                        
                                                                                                                        
                                                                                                                        
                                                                                                                        
                             [38;2;185;188;208m╭────────────────────────────────────────────────────────────╮[0m                             
                             [38;2;185;188;208m│[0m                                                            [38;2;185;188;208m│[0m                             
                             [38;2;185;188;208m│[0m  [38;2;42;42;56m[1;38;2;107;70;217mexec › [0m[38;2;42;42;56mnva-gateway-2b81x[0m                    [38;2;154;154;174m2 containers[0m[0m  [38;2;185;188;208m│[0m                             
                             [38;2;185;188;208m│[0m  [38;2;42;42;56m[0m                                                          [38;2;185;188;208m│[0m                             
                             [38;2;185;188;208m│[0m  [38;2;42;42;56m  [38;2;20;20;28mgateway[0m  [38;2;154;154;174mnva-gateway:1.19.0[0m        [38;2;20;138;78m● running[0m  [38;2;138;138;158msh, bash[0m[0m  [38;2;185;188;208m│[0m                             
                             [38;2;185;188;208m│[0m  [38;2;42;42;56m[38;2;107;70;217m▸ [0m[1;38;2;20;20;28;48;2;236;229;251mistio-proxy[0m  [38;2;154;154;174;48;2;236;229;251msidecar:v1.2 sidecar[0m  [38;2;20;138;78;48;2;236;229;251m● running[0m  [38;2;138;138;158;48;2;236;229;251msh, bash[0m[0m  [38;2;185;188;208m│[0m                             
                             [38;2;185;188;208m│[0m  [38;2;42;42;56m[0m                                                          [38;2;185;188;208m│[0m                             
                             [38;2;185;188;208m│[0m  [38;2;42;42;56m[38;2;179;179;198mwill run  [0m[38;2;86;86;104mkubectl exec -it nva-gateway-2b81x -n nva-sta…[0m[0m  [38;2;185;188;208m│[0m                             
                             [38;2;185;188;208m│[0m                                                            [38;2;185;188;208m│[0m                             
                             [38;2;185;188;208m╰────────────────────────────────────────────────────────────╯[0m                             
                                                                                                                        
                                                                                                                        
                                                                                                                        
                                                                                                                        
                                                                                                                        
                                                                                                                        
                                                                                                                        
                                                                                                                        
                                                                                                                        
                                                                                                                        
                                                                                                                        
[38;2;179;179;198m────────────────────────────────────────────────────────────────────────────────────────────────────────────────────────[0m
  [38;2;107;70;217;48;2;236;229;251m EXEC [0m [38;2;107;70;217m↵[0m[38;2;138;138;158m open shell[0m  [38;2;107;70;217m↑↓[0m[38;2;138;138;158m move[0m                                                                              [38;2;107;70;217mesc[0m[38;2;138;138;158m cancel[0m  