  [1;38;2;167;139;250mkute[m[38;2;68;68;92m │ [m[38;2;103;103;128mnva-stage-cluster[m[38;2;68;68;92m › [m[38;2;103;103;128mPods[m[38;2;68;68;92m › [m[1;38;2;240;240;250mnva-gateway-2b81x[m                                                      [38;2;52;209;123m● connected[m  
[38;2;68;68;92m────────────────────────────────────────────────────────────────────────────────────────────────────────────────────────[m
                                                                                                                        
                                                                                                                        
                                                                                                                        
                                                                                                                        
                                                                                                                        
                                                                                                                        
                                                                                                                        
                                                                                                                        
                                                                                                                        
                                                                                                                        
                                                                                                                        
                             [38;2;59;59;88m╭────────────────────────────────────────────────────────────╮[m                             
                             [38;2;59;59;88m│[m                                                            [38;2;59;59;88m│[m                             
                             [38;2;59;59;88m│[m  [38;2;216;216;232m[1;38;2;167;139;250mexec › [m[38;2;216;216;232mnva-gateway-2b81x[m                    [38;2;85;85;110m2 containers[m[m  [38;2;59;59;88m│[m                             
                             [38;2;59;59;88m│[m  [38;2;216;216;232m[m                                                          [38;2;59;59;88m│[m                             
                             [38;2;59;59;88m│[m  [38;2;216;216;232m  [38;2;240;240;250mgateway[m  [38;2;85;85;110mnva-gateway:1.19.0[m        [38;2;52;209;123m● running[m  [38;2;103;103;128msh, bash[m[m  [38;2;59;59;88m│[m                             
                             [38;2;59;59;88m│[m  [38;2;216;216;232m[38;2;167;139;250m▸ [m[1;38;2;240;240;250;48;2;29;22;51mistio-proxy[m  [38;2;85;85;110;48;2;29;22;51msidecar:v1.2 sidecar[m  [38;2;52;209;123;48;2;29;22;51m● running[m  [38;2;103;103;128;48;2;29;22;51msh, bash[m[m  [38;2;59;59;88m│[m                             
                             [38;2;59;59;88m│[m  [38;2;216;216;232m[m                                                          [38;2;59;59;88m│[m                             
                             [38;2;59;59;88m│[m  [38;2;216;216;232m[38;2;68;68;92mwill run  [m[38;2;154;154;178mkubectl exec -it nva-gateway-2b81x -n nva-sta…[m[m  [38;2;59;59;88m│[m                             
                             [38;2;59;59;88m│[m                                                            [38;2;59;59;88m│[m                             
                             [38;2;59;59;88m╰────────────────────────────────────────────────────────────╯[m                             
                                                                                                                        
                                                                                                                        
                                                                                                                        
                                                                                                                        
                                                                                                                        
                                                                                                                        
                                                                                                                        
                                                                                                                        
                                                                                                                        
                                                                                                                        
                                                                                                                        
[38;2;68;68;92m────────────────────────────────────────────────────────────────────────────────────────────────────────────────────────[m
  [38;2;167;139;250;48;2;29;22;51m EXEC [m [38;2;167;139;250m↵[m[38;2;103;103;128m open shell[m  [38;2;167;139;250m↑↓[m[38;2;103;103;128m move[m                                                                              [38;2;167;139;250mesc[m[38;2;103;103;128m cancel[m  