  [1;38;2;167;139;250mkute[0m[38;2;68;68;92m │ [0m[38;2;103;103;128mnva-stage-cluster[0m[38;2;68;68;92m › [0m[38;2;103;103;128mPods[0m[38;2;68;68;92m › [0m[1;38;2;240;240;250mnva-gateway-2b81x[0m                                                      [38;2;52;209;123m● connected[0m  
[38;2;68;68;92m────────────────────────────────────────────────────────────────────────────────────────────────────────────────────────[0m
                                                                                                                        
                                                                                                                        
                                                                                                                        
                                                                                                                        
                                                                                                                        
                                                                                                                        
                                                                                                                        
                                                                                                                        
                                                                                                                        
                                                                                                                        
                                                                                                                        
                             [38;2;59;59;88m╭────────────────────────────────────────────────────────────╮[0m                             
                             [38;2;59;59;88m│[0m                                                            [38;2;59;59;88m│[0m                             
                             [38;2;59;59;88m│[0m  [38;2;216;216;232m[1;38;2;167;139;250mexec › [0m[38;2;216;216;232mnva-gateway-2b81x[0m                    [38;2;85;85;110m2 containers[0m[0m  [38;2;59;59;88m│[0m                             
                             [38;2;59;59;88m│[0m  [38;2;216;216;232m[0m                                                          [38;2;59;59;88m│[0m                             
                             [38;2;59;59;88m│[0m  [38;2;216;216;232m  [38;2;240;240;250mgateway[0m  [38;2;85;85;110mnva-gateway:1.19.0[0m        [38;2;52;209;123m● running[0m  [38;2;103;103;128msh, bash[0m[0m  [38;2;59;59;88m│[0m                             
                             [38;2;59;59;88m│[0m  [38;2;216;216;232m[38;2;167;139;250m▸ [0m[1;38;2;240;240;250;48;2;29;22;51mistio-proxy[0m  [38;2;85;85;110;48;2;29;22;51msidecar:v1.2 sidecar[0m  [38;2;52;209;123;48;2;29;22;51m● running[0m  [38;2;103;103;128;48;2;29;22;51msh, bash[0m[0m  [38;2;59;59;88m│[0m                             
                             [38;2;59;59;88m│[0m  [38;2;216;216;232m[0m                                                          [38;2;59;59;88m│[0m                             
                             [38;2;59;59;88m│[0m  [38;2;216;216;232m[38;2;68;68;92mwill run  [0m[38;2;154;154;178mkubectl exec -it nva-gateway-2b81x -n nva-sta…[0m[0m  [38;2;59;59;88m│[0m                             
                             [38;2;59;59;88m│[0m                                                            [38;2;59;59;88m│[0m                             
                             [38;2;59;59;88m╰────────────────────────────────────────────────────────────╯[0m                             
                                                                                                                        
                                                                                                                        
                                                                                                                        
                                                                                                                        
                                                                                                                        
                                                                                                                        
                                                                                                                        
                                                                                                                        
                                                                                                                        
                                                                                                                        
                                                                                                                        
[38;2;68;68;92m────────────────────────────────────────────────────────────────────────────────────────────────────────────────────────[0m
  [38;2;167;139;250;48;2;29;22;51m EXEC [0m [38;2;167;139;250m↵[0m[38;2;103;103;128m open shell[0m  [38;2;167;139;250m↑↓[0m[38;2;103;103;128m move[0m                                                                              [38;2;167;139;250mesc[0m[38;2;103;103;128m cancel[0m  