  [1;38;2;167;139;250mkute[0m[38;2;68;68;92m │ [0m[38;2;103;103;128mnva-staging[0m[38;2;68;68;92m › [0m[38;2;167;139;250mnva-stage[0m[38;2;68;68;92m › [0m[38;2;103;103;128mCertificates[0m[38;2;68;68;92m › [0m[1;38;2;240;240;250mapi-tls[0m                                           [38;2;52;209;123m● connected · 12ms[0m  
[38;2;68;68;92m────────────────────────────────────────────────────────────────────────────────────────────────────────────────────────[0m
[1;38;2;240;240;250mapi-tls[0m  [38;2;239;105;105m✕ Not Ready[0m  [38;2;68;68;92mcert-manager.io/v1[0m                                                                 [38;2;85;85;110mwatching · live[0m
                                                                                                                        
[38;2;85;85;110mREADY[0m    [38;2;85;85;110mSECRET        [0m    [38;2;85;85;110mISSUER          [0m    [38;2;85;85;110mOWNER                           [0m                                         
[38;2;216;216;232mFalse[0m    [38;2;216;216;232mapi-tls-secret[0m    [38;2;216;216;232mletsencrypt-prod[0m    [38;2;167;139;250mClusterIssuer/letsencrypt-prod ↗[0m                                         
                                                                                                                        
[1;38;2;85;85;110mCONDITIONS[0m                                                                                                              
[38;2;239;105;105m✕[0m  [38;2;103;103;128mReady           [0m  [38;2;239;105;105mFalse   [0m  [38;2;154;154;178mIssuing certificate as Secret does not exist[0m  [38;2;103;103;128m2m[0m                                         
[38;2;52;209;123m●[0m  [38;2;103;103;128mIssuing         [0m  [38;2;52;209;123mTrue    [0m  [38;2;154;154;178mIssuing certificate as Secret does not exist[0m  [38;2;103;103;128m2m[0m                                         
                                                                                                                        
[1;38;2;85;85;110mEVENTS[0m[38;2;68;68;92m · newest first[0m                                                                                                   
[38;2;105;168;239mNormal  [0m  [38;2;103;103;128mIssuing         [0m  [38;2;103;103;128m2m    [0m  [38;2;154;154;178mIssuing certificate as Secret does not exist[0m                                        
[38;2;105;168;239mNormal  [0m  [38;2;103;103;128mGenerated       [0m  [38;2;103;103;128m2m    [0m  [38;2;154;154;178mStored new private key in temporary Secret resource "api-tls-xk9j2"[0m                 
[38;2;105;168;239mNormal  [0m  [38;2;103;103;128mRequested       [0m  [38;2;103;103;128m3m    [0m  [38;2;154;154;178mCreated new CertificateRequest resource "api-tls-1"[0m                                 
                                                                                                                        
                                                                                                                        
                                                                                                                        
                                                                                                                        
                                                                                                                        
                                                                                                                        
                                                                                                                        
                                                                                                                        
                                                                                                                        
                                                                                                                        
                                                                                                                        
                                                                                                                        
                                                                                                                        
                                                                                                                        
                                                                                                                        
                                                                                                                        
                                                                                                                        
                                                                                                                        
                                                                                                                        
[38;2;68;68;92m────────────────────────────────────────────────────────────────────────────────────────────────────────────────────────[0m
  [38;2;167;139;250;48;2;29;22;51m DETAIL [0m [38;2;167;139;250mesc[0m[38;2;103;103;128m back[0m[38;2;38;38;58m │ [0m[38;2;167;139;250mj/k[0m[38;2;103;103;128m next/prev[0m[38;2;38;38;58m │ [0m[38;2;167;139;250my[0m[38;2;103;103;128m yaml[0m  [38;2;167;139;250me[0m[38;2;103;103;128m events[0m[38;2;38;38;58m │ [0m[38;2;167;139;250mctrl-d[0m[38;2;103;103;128m delete[0m                                          [38;2;167;139;250m?[0m[38;2;103;103;128m help[0m  