  [1;38;2;107;70;217mkute[m[38;2;180;180;198m │ [m[38;2;138;138;158mnva-staging[m[38;2;180;180;198m › [m[38;2;107;70;217mnva-stage[m[38;2;180;180;198m › [m[38;2;138;138;158mCertificates[m[38;2;180;180;198m › [m[1;38;2;20;20;28mapi-tls[m                                           [38;2;20;138;78m● connected · 12ms[m  
[38;2;180;180;198m────────────────────────────────────────────────────────────────────────────────────────────────────────────────────────[m
[1;38;2;20;20;28mapi-tls[m  [38;2;204;58;58m✕ Not Ready[m  [38;2;180;180;198mcert-manager.io/v1[m                                                                 [38;2;154;154;174mwatching · live[m
                                                                                                                        
[38;2;154;154;174mREADY[m    [38;2;154;154;174mSECRET        [m    [38;2;154;154;174mISSUER          [m    [38;2;154;154;174mOWNER                           [m                                         
[38;2;42;42;56mFalse[m    [38;2;42;42;56mapi-tls-secret[m    [38;2;42;42;56mletsencrypt-prod[m    [38;2;107;70;217mClusterIssuer/letsencrypt-prod ↗[m                                         
                                                                                                                        
[1;38;2;154;154;174mCONDITIONS[m                                                                                                              
[38;2;204;58;58m✕[m  [38;2;138;138;158mReady           [m  [38;2;204;58;58mFalse   [m  [38;2;86;86;104mIssuing certificate as Secret does not exist[m  [38;2;138;138;158m2m[m                                         
[38;2;20;138;78m●[m  [38;2;138;138;158mIssuing         [m  [38;2;20;138;78mTrue    [m  [38;2;86;86;104mIssuing certificate as Secret does not exist[m  [38;2;138;138;158m2m[m                                         
                                                                                                                        
[1;38;2;154;154;174mEVENTS[m[38;2;180;180;198m · newest first[m                                                                                                   
[38;2;42;111;206mNormal  [m  [38;2;138;138;158mIssuing         [m  [38;2;138;138;158m2m    [m  [38;2;86;86;104mIssuing certificate as Secret does not exist[m                                        
[38;2;42;111;206mNormal  [m  [38;2;138;138;158mGenerated       [m  [38;2;138;138;158m2m    [m  [38;2;86;86;104mStored new private key in temporary Secret resource "api-tls-xk9j2"[m                 
[38;2;42;111;206mNormal  [m  [38;2;138;138;158mRequested       [m  [38;2;138;138;158m3m    [m  [38;2;86;86;104mCreated new CertificateRequest resource "api-tls-1"[m                                 
                                                                                                                        
                                                                                                                        
                                                                                                                        
                                                                                                                        
                                                                                                                        
                                                                                                                        
                                                                                                                        
                                                                                                                        
                                                                                                                        
                                                                                                                        
                                                                                                                        
                                                                                                                        
                                                                                                                        
                                                                                                                        
                                                                                                                        
                                                                                                                        
                                                                                                                        
                                                                                                                        
                                                                                                                        
[38;2;180;180;198m────────────────────────────────────────────────────────────────────────────────────────────────────────────────────────[m
  [38;2;107;70;217;48;2;236;229;251m DETAIL [m [38;2;107;70;217mesc[m[38;2;138;138;158m back[m[38;2;213;215;224m │ [m[38;2;107;70;217mj/k[m[38;2;138;138;158m next/prev[m[38;2;213;215;224m │ [m[38;2;107;70;217mctrl-d[m[38;2;138;138;158m delete[m                                                             [38;2;107;70;217m?[m[38;2;138;138;158m help[m  