  [1;38;2;107;70;217mkute[m[38;2;180;180;198m │ [m[38;2;138;138;158mtest-cluster[m[38;2;180;180;198m › [m[38;2;107;70;217mproduction[m[38;2;180;180;198m › [m[38;2;138;138;158mpostgresql[m[38;2;180;180;198m › [m[1;38;2;20;20;28mHistory[m                                           [38;2;20;138;78m● connected · 12ms[m  
[38;2;180;180;198m────────────────────────────────────────────────────────────────────────────────────────────────────────────────────────[m
  [38;2;42;42;56m4[m [38;2;154;154;174mrevisions · newest first · current highlighted[m                                                                      
[38;2;198;198;212m────────────────────────────────────────────────────────────────────────────────────────────────────────────────────────[m
                                                                                                                        
  [38;2;154;154;174m[m    [38;2;154;154;174mREV[m            [38;2;154;154;174mSTATUS[m            [38;2;154;154;174mCHART[m                                                                   [38;2;154;154;174mUPDATED[m  
[38;2;107;70;217;48;2;236;229;251m▎[m[48;2;236;229;251m [m[38;2;20;138;78m●[m[48;2;236;229;251m [m[48;2;236;229;251m  [m[1;38;2;20;20;28m4 (current)[m[48;2;236;229;251m  [m[48;2;236;229;251m  [m[38;2;20;138;78mdeployed[m[48;2;236;229;251m        [m[48;2;236;229;251m  [m[38;2;138;138;158mpostgresql 12.1.9[m[48;2;236;229;251m                                                  [m[48;2;236;229;251m  [m[48;2;236;229;251m    [m[38;2;138;138;158m3m ago[m[48;2;236;229;251m  [m
  [38;2;204;58;58m✕[m   [38;2;138;138;158m3[m              [38;2;204;58;58mfailed · hook t…[m  [38;2;138;138;158mpostgresql 12.1.8[m                                                       [38;2;138;138;158m22m ago[m  
  [38;2;42;111;206m○[m   [38;2;138;138;158m2[m              [38;2;42;111;206msuperseded[m        [38;2;138;138;158mpostgresql 12.1.8[m                                                        [38;2;138;138;158m3h ago[m  
  [38;2;42;111;206m○[m   [38;2;138;138;158m1[m              [38;2;42;111;206msuperseded[m        [38;2;138;138;158mpostgresql 12.1.6[m                                                        [38;2;138;138;158m1d ago[m  
[38;2;180;180;198m  1–4 of 4                                                                                                      ██████  [m
                                                                                                                        
                                                                                                                        
                                                                                                                        
                                                                                                                        
                                                                                                                        
                                                                                                                        
                                                                                                                        
                                                                                                                        
                                                                                                                        
                                                                                                                        
                                                                                                                        
                                                                                                                        
                                                                                                                        
                                                                                                                        
                                                                                                                        
                                                                                                                        
                                                                                                                        
                                                                                                                        
                                                                                                                        
                                                                                                                        
                                                                                                                        
                                                                                                                        
                                                                                                                        
[38;2;180;180;198m────────────────────────────────────────────────────────────────────────────────────────────────────────────────────────[m
  [38;2;107;70;217;48;2;236;229;251m HELM [m [38;2;107;70;217mesc[m[38;2;138;138;158m back[m  [38;2;107;70;217m↑↓[m[38;2;138;138;158m move[m[38;2;213;215;224m │ [m[38;2;107;70;217mR[m[38;2;138;138;158m rollback[m                                                                         [38;2;107;70;217m?[m[38;2;138;138;158m help[m  