  [1;38;2;167;139;250mkute[m[38;2;68;68;92m │ [m[38;2;103;103;128mtest-cluster[m[38;2;68;68;92m › [m[38;2;167;139;250mproduction[m[38;2;68;68;92m › [m[38;2;103;103;128mpostgresql[m[38;2;68;68;92m › [m[1;38;2;240;240;250mHistory[m                                           [38;2;52;209;123m● connected · 12ms[m  
[38;2;68;68;92m────────────────────────────────────────────────────────────────────────────────────────────────────────────────────────[m
  [38;2;216;216;232m4[m [38;2;85;85;110mrevisions · newest first · current highlighted[m                                                                      
[38;2;51;51;74m────────────────────────────────────────────────────────────────────────────────────────────────────────────────────────[m
                                                                                                                        
  [38;2;85;85;110m[m    [38;2;85;85;110mREV[m            [38;2;85;85;110mSTATUS[m            [38;2;85;85;110mCHART[m                                                                   [38;2;85;85;110mUPDATED[m  
[38;2;167;139;250;48;2;29;22;51m▎[m[48;2;29;22;51m [m[38;2;52;209;123m●[m[48;2;29;22;51m [m[48;2;29;22;51m  [m[1;38;2;240;240;250m4 (current)[m[48;2;29;22;51m  [m[48;2;29;22;51m  [m[38;2;52;209;123mdeployed[m[48;2;29;22;51m        [m[48;2;29;22;51m  [m[38;2;103;103;128mpostgresql 12.1.9[m[48;2;29;22;51m                                                  [m[48;2;29;22;51m  [m[48;2;29;22;51m    [m[38;2;103;103;128m3m ago[m[48;2;29;22;51m  [m
  [38;2;239;106;106m✕[m   [38;2;103;103;128m3[m              [38;2;239;106;106mfailed · hook t…[m  [38;2;103;103;128mpostgresql 12.1.8[m                                                       [38;2;103;103;128m22m ago[m  
  [38;2;106;168;239m○[m   [38;2;103;103;128m2[m              [38;2;106;168;239msuperseded[m        [38;2;103;103;128mpostgresql 12.1.8[m                                                        [38;2;103;103;128m3h ago[m  
  [38;2;106;168;239m○[m   [38;2;103;103;128m1[m              [38;2;106;168;239msuperseded[m        [38;2;103;103;128mpostgresql 12.1.6[m                                                        [38;2;103;103;128m1d ago[m  
[38;2;68;68;92m  1–4 of 4                                                                                                      ██████  [m
                                                                                                                        
                                                                                                                        
                                                                                                                        
                                                                                                                        
                                                                                                                        
                                                                                                                        
                                                                                                                        
                                                                                                                        
                                                                                                                        
                                                                                                                        
                                                                                                                        
                                                                                                                        
                                                                                                                        
                                                                                                                        
                                                                                                                        
                                                                                                                        
                                                                                                                        
                                                                                                                        
                                                                                                                        
                                                                                                                        
                                                                                                                        
                                                                                                                        
                                                                                                                        
[38;2;68;68;92m────────────────────────────────────────────────────────────────────────────────────────────────────────────────────────[m
  [38;2;167;139;250;48;2;29;22;51m HELM [m [38;2;167;139;250mesc[m[38;2;103;103;128m back[m  [38;2;167;139;250m↑↓[m[38;2;103;103;128m move[m[38;2;38;38;58m │ [m[38;2;167;139;250mR[m[38;2;103;103;128m rollback[m                                                                         [38;2;167;139;250m?[m[38;2;103;103;128m help[m  