  [1;38;2;107;70;217mkute[m[38;2;180;180;198m │ [m[38;2;138;138;158mtest-cluster[m[38;2;180;180;198m › [m[38;2;107;70;217maim-stage[m[38;2;180;180;198m › [m[38;2;86;86;104mcm/aim-config[m[38;2;180;180;198m › [m[1;38;2;20;20;28mData[m                                            [38;2;20;138;78m● connected · 12ms[m  
[38;2;180;180;198m────────────────────────────────────────────────────────────────────────────────────────────────────────────────────────[m
  [38;2;42;42;56m2 keys[m                                                                                                                
  [38;2;42;42;56mdeploy/aim-worker[m[38;2;154;154;174m ↗ env[m[38;2;154;154;174m · [m[38;2;42;42;56msts/aim-gateway[m[38;2;154;154;174m ↗ volume[m                         [38;2;154;154;174mpods don't reload configmaps on their own[m  
[38;2;198;198;212m────────────────────────────────────────────────────────────────────────────────────────────────────────────────────────[m
  [38;2;154;154;174mKEY[m                         [38;2;154;154;174mVALUE[m                                                                               [38;2;154;154;174mSIZE[m  
[38;2;107;70;217;48;2;236;229;251m›[m[48;2;236;229;251m [m[48;2;236;229;251m[m[38;2;20;20;28;48;2;236;229;251mFEATURE_X[m[48;2;236;229;251m                   [m[38;2;86;86;104;48;2;236;229;251mon[m[48;2;236;229;251m                                                                           [m[48;2;236;229;251m  [m[48;2;236;229;251m      [m[38;2;138;138;158;48;2;236;229;251m2 B[m  
  [38;2;20;20;28mLOG_LEVEL[m                   [38;2;86;86;104minfo[m                                                                                 [38;2;138;138;158m4 B[m  
[38;2;180;180;198m+ a add key[m                                                                                                             
                                                                                                                        
                                                                                                                        
                                                                                                                        
                                                                                                                        
                                                                                                                        
                                                                                                                        
                                                                                                                        
                                                                                                                        
                                                                                                                        
                                                                                                                        
                                                                                                                        
                                                                                                                        
                                                                                                                        
                                                                                                                        
                                                                                                                        
                                                                                                                        
                                                                                                                        
                                                                                                                        
                                                                                                                        
                                                                                                                        
                                                                                                                        
                                                                                                                        
                                                                                                                        
                                                                                                                        
                                                                                                                        
[38;2;180;180;198m────────────────────────────────────────────────────────────────────────────────────────────────────────────────────────[m
  [38;2;107;70;217;48;2;236;229;251m DATA [m [38;2;107;70;217mesc[m[38;2;138;138;158m back[m  [38;2;107;70;217m↑↓[m[38;2;138;138;158m move[m[38;2;213;215;224m │ [m[38;2;107;70;217m↵[m[38;2;138;138;158m edit[m  [38;2;107;70;217ma[m[38;2;138;138;158m add key[m  [38;2;107;70;217mctrl-d[m[38;2;138;138;158m remove key[m                                               [38;2;107;70;217m?[m[38;2;138;138;158m help[m  