  [1;38;2;107;70;217mkute[0m[38;2;179;179;198m │ [0m[38;2;138;138;158mtest-cluster[0m[38;2;179;179;198m › [0m[38;2;107;70;217maim-stage[0m[38;2;179;179;198m › [0m[38;2;86;86;104mcm/aim-config[0m[38;2;179;179;198m › [0m[1;38;2;20;20;28mData[0m                                            [38;2;20;138;78m● connected · 12ms[0m  
[38;2;179;179;198m────────────────────────────────────────────────────────────────────────────────────────────────────────────────────────[0m
  [38;2;42;42;56m2 keys[0m                                                                                                                
  [38;2;42;42;56mdeploy/aim-worker[0m[38;2;154;154;174m ↗ env[0m[38;2;154;154;174m · [0m[38;2;42;42;56msts/aim-gateway[0m[38;2;154;154;174m ↗ volume[0m                         [38;2;154;154;174mpods don't reload configmaps on their own[0m  
[38;2;198;198;211m────────────────────────────────────────────────────────────────────────────────────────────────────────────────────────[0m
  [38;2;154;154;174mKEY[0m                         [38;2;154;154;174mVALUE[0m                                                                               [38;2;154;154;174mSIZE[0m  
[38;2;107;70;217;48;2;236;229;251m›[0m[48;2;236;229;251m [0m[48;2;236;229;251m[0m[38;2;20;20;28;48;2;236;229;251mFEATURE_X[0m[48;2;236;229;251m                   [0m[38;2;86;86;104;48;2;236;229;251mon[0m[48;2;236;229;251m                                                                           [0m[48;2;236;229;251m  [0m[48;2;236;229;251m      [0m[38;2;138;138;158;48;2;236;229;251m2 B[0m  
  [38;2;20;20;28mLOG_LEVEL[0m                   [38;2;86;86;104minfo[0m                                                                                 [38;2;138;138;158m4 B[0m  
[38;2;179;179;198m+ a add key[0m                                                                                                             
                                                                                                                        
                                                                                                                        
                                                                                                                        
                                                                                                                        
                                                                                                                        
                                                                                                                        
                                                                                                                        
                                                                                                                        
                                                                                                                        
                                                                                                                        
                                                                                                                        
                                                                                                                        
                                                                                                                        
                                                                                                                        
                                                                                                                        
                                                                                                                        
                                                                                                                        
                                                                                                                        
                                                                                                                        
                                                                                                                        
                                                                                                                        
                                                                                                                        
                                                                                                                        
                                                                                                                        
                                                                                                                        
[38;2;179;179;198m────────────────────────────────────────────────────────────────────────────────────────────────────────────────────────[0m
  [38;2;107;70;217;48;2;236;229;251m DATA [0m [38;2;107;70;217mesc[0m[38;2;138;138;158m back[0m  [38;2;107;70;217m↑↓[0m[38;2;138;138;158m move[0m[38;2;213;215;224m │ [0m[38;2;107;70;217m↵[0m[38;2;138;138;158m edit[0m  [38;2;107;70;217ma[0m[38;2;138;138;158m add key[0m  [38;2;107;70;217mctrl-d[0m[38;2;138;138;158m remove key[0m                                               [38;2;107;70;217m?[0m[38;2;138;138;158m help[0m  