  ❯ kute │ test-cluster › nva-stage › cm/nva-config › Data  ● connected · 12ms  
────────────────────────────────────────────────────────────────────────────────
  2 keys → 3                                                                    
  deploy/nva-worker ↗ env · sts/nva-gateway ↗ volume                            
────────────────────────────────────────────────────────────────────────────────
  KEY                   VALUE                                             SIZE  
  FEATURE_X             on                                                 2 B  
  LOG_LEVEL             info                                               4 B  
+ RETRIES               3                                                  new  
                                                                                
────────────────────────────────────────────────────────────────────────────────
  will run kubectl patch cm/nva-config --type merge -p '{"data":{"RETRIES":"3"}…
                                                                                
                                                                                
                                                                                
                                                                                
                                                                                
                                                                                
                                                                                
                                                                                
                                                                                
                                                                                
────────────────────────────────────────────────────────────────────────────────
   ADD KEY  ↵ apply  R apply + restart consumers  esc discard                   