  kute │ test-cluster › Who Can                                                                            ● connected  
────────────────────────────────────────────────────────────────────────────────────────────────────────────────────────
  who can list secrets in nva-stage                                                                         2 subjects  
  same as: kubectl auth can-i list secrets -n nva-stage                                                                 
────────────────────────────────────────────────────────────────────────────────────────────────────────────────────────
                                                                                                                        
      SUBJECT                                KIND             VIA                                                SCOPE  
▎ ✕   dev-readonly (you)                     User             role/viewer grants get, list on pods — not s…          –  
  ●   sre-admins                             Group            clusterrole/admin (aggregated) ← clusterrole…    cluster  
  ●   bob                                    User             role/secret-reader ← rolebinding/secret-read…  namespace  
  1–3 of 3                                                                                                      ██████  
                                                                                                                        
                                                                                                                        
                                                                                                                        
                                                                                                                        
                                                                                                                        
                                                                                                                        
                                                                                                                        
                                                                                                                        
                                                                                                                        
                                                                                                                        
                                                                                                                        
                                                                                                                        
                                                                                                                        
                                                                                                                        
                                                                                                                        
                                                                                                                        
                                                                                                                        
                                                                                                                        
                                                                                                                        
                                                                                                                        
                                                                                                                        
                                                                                                                        
                                                                                                                        
────────────────────────────────────────────────────────────────────────────────────────────────────────────────────────
   WHO CAN  esc back │ v verb  k resource                                                                       ? help  