  [1;38;2;167;139;250mkute[m[38;2;68;68;92m │ [m[38;2;103;103;128mtest-cluster[m[38;2;68;68;92m › [m[1;38;2;240;240;250mWho Can[m                                                                            [38;2;52;209;123m● connected[m  
[38;2;68;68;92m────────────────────────────────────────────────────────────────────────────────────────────────────────────────────────[m
  [38;2;85;85;110mwho can [m[1;38;2;167;139;250mlist[m [1;38;2;167;139;250msecrets[m[38;2;85;85;110m in [m[38;2;167;139;250mnva-stage[m                                                                         [38;2;216;216;232m2[m [38;2;85;85;110msubjects[m  
  [38;2;85;85;110msame as: [m[38;2;154;154;178mkubectl auth can-i list secrets -n nva-stage[m                                                                 
[38;2;51;51;74m────────────────────────────────────────────────────────────────────────────────────────────────────────────────────────[m
                                                                                                                        
  [38;2;85;85;110m[m    [38;2;85;85;110mSUBJECT[m                                [38;2;85;85;110mKIND[m             [38;2;85;85;110mVIA[m                                                [38;2;85;85;110mSCOPE[m  
[38;2;167;139;250;48;2;29;22;51m▎[m[48;2;29;22;51m [m[38;2;239;106;106m✕[m[48;2;29;22;51m [m[48;2;29;22;51m  [m[38;2;239;106;106mdev-readonly (you)[m[48;2;29;22;51m                   [m[48;2;29;22;51m  [m[38;2;154;154;178mUser[m[48;2;29;22;51m           [m[48;2;29;22;51m  [m[38;2;103;103;128mrole/viewer grants get, list on pods — not s…[m[48;2;29;22;51m  [m[48;2;29;22;51m        [m[38;2;103;103;128m–[m[48;2;29;22;51m  [m
  [38;2;52;209;123m●[m   [38;2;216;216;232msre-admins[m                             [38;2;154;154;178mGroup[m            [38;2;103;103;128mclusterrole/admin (aggregated) ← clusterrole…[m    [38;2;106;168;239mcluster[m  
  [38;2;52;209;123m●[m   [38;2;216;216;232mbob[m                                    [38;2;154;154;178mUser[m             [38;2;103;103;128mrole/secret-reader ← rolebinding/secret-read…[m  [38;2;85;85;110mnamespace[m  
[38;2;68;68;92m  1–3 of 3                                                                                                      ██████  [m
                                                                                                                        
                                                                                                                        
                                                                                                                        
                                                                                                                        
                                                                                                                        
                                                                                                                        
                                                                                                                        
                                                                                                                        
                                                                                                                        
                                                                                                                        
                                                                                                                        
                                                                                                                        
                                                                                                                        
                                                                                                                        
                                                                                                                        
                                                                                                                        
                                                                                                                        
                                                                                                                        
                                                                                                                        
                                                                                                                        
                                                                                                                        
                                                                                                                        
                                                                                                                        
[38;2;68;68;92m────────────────────────────────────────────────────────────────────────────────────────────────────────────────────────[m
  [38;2;167;139;250;48;2;29;22;51m WHO CAN [m [38;2;167;139;250mesc[m[38;2;103;103;128m back[m[38;2;38;38;58m │ [m[38;2;167;139;250mv[m[38;2;103;103;128m verb[m  [38;2;167;139;250mK[m[38;2;103;103;128m pick resource kind[m                                                             [38;2;167;139;250m?[m[38;2;103;103;128m help[m  