  [1;38;2;167;139;250mkute[0m[38;2;68;68;92m │ [0m[38;2;103;103;128mtest-cluster[0m[38;2;68;68;92m › [0m[1;38;2;240;240;250mWho Can[0m                                                                            [38;2;52;209;123m● connected[0m  
[38;2;68;68;92m────────────────────────────────────────────────────────────────────────────────────────────────────────────────────────[0m
  [38;2;85;85;110mwho can [0m[1;38;2;167;139;250mlist[0m [1;38;2;167;139;250msecrets[0m[38;2;85;85;110m in [0m[38;2;167;139;250mnva-stage[0m                                                                         [38;2;216;216;232m2[0m [38;2;85;85;110msubjects[0m  
  [38;2;85;85;110msame as: [0m[38;2;154;154;178mkubectl auth can-i list secrets -n nva-stage[0m                                                                 
[38;2;51;51;73m────────────────────────────────────────────────────────────────────────────────────────────────────────────────────────[0m
                                                                                                                        
  [38;2;85;85;110m[0m    [38;2;85;85;110mSUBJECT[0m                                [38;2;85;85;110mKIND[0m             [38;2;85;85;110mVIA[0m                                                [38;2;85;85;110mSCOPE[0m  
[38;2;167;139;250;48;2;29;22;51m▎[0m[48;2;29;22;51m [0m[38;2;239;105;105m✕[0m[48;2;29;22;51m [0m[48;2;29;22;51m  [0m[38;2;239;105;105mdev-readonly (you)[0m[48;2;29;22;51m                   [0m[48;2;29;22;51m  [0m[38;2;154;154;178mUser[0m[48;2;29;22;51m           [0m[48;2;29;22;51m  [0m[38;2;103;103;128mrole/viewer grants get, list on pods — not s…[0m[48;2;29;22;51m  [0m[48;2;29;22;51m        [0m[38;2;103;103;128m–[0m[48;2;29;22;51m  [0m
  [38;2;52;209;123m●[0m   [38;2;216;216;232msre-admins[0m                             [38;2;154;154;178mGroup[0m            [38;2;103;103;128mclusterrole/admin (aggregated) ← clusterrole…[0m    [38;2;105;168;239mcluster[0m  
  [38;2;52;209;123m●[0m   [38;2;216;216;232mbob[0m                                    [38;2;154;154;178mUser[0m             [38;2;103;103;128mrole/secret-reader ← rolebinding/secret-read…[0m  [38;2;85;85;110mnamespace[0m  
[38;2;68;68;92m  1–3 of 3                                                                                                      ██████  [0m
                                                                                                                        
                                                                                                                        
                                                                                                                        
                                                                                                                        
                                                                                                                        
                                                                                                                        
                                                                                                                        
                                                                                                                        
                                                                                                                        
                                                                                                                        
                                                                                                                        
                                                                                                                        
                                                                                                                        
                                                                                                                        
                                                                                                                        
                                                                                                                        
                                                                                                                        
                                                                                                                        
                                                                                                                        
                                                                                                                        
                                                                                                                        
                                                                                                                        
                                                                                                                        
[38;2;68;68;92m────────────────────────────────────────────────────────────────────────────────────────────────────────────────────────[0m
  [38;2;167;139;250;48;2;29;22;51m WHO CAN [0m [38;2;167;139;250mesc[0m[38;2;103;103;128m back[0m[38;2;38;38;58m │ [0m[38;2;167;139;250mv[0m[38;2;103;103;128m verb[0m  [38;2;167;139;250mk[0m[38;2;103;103;128m resource[0m  [38;2;167;139;250mn[0m[38;2;103;103;128m namespace[0m                                                          [38;2;167;139;250m?[0m[38;2;103;103;128m help[0m  