  kute │ dev › timesheet › Helm Releases › timesheet-backend                                        ● connected · 12ms  
────────────────────────────────────────────────────────────────────────────────────────────────────────────────────────
  pending-install · revision 1 · updated 1h ago · Initial install underway                                              
  ▲ Helm still records Job/timesheet-backend-migrate as Running, but Kubernetes reports it Completed and the object is  
  gone · the Helm transaction was not finalized                                                                         
────────────────────────────────────────────────────────────────────────────────────────────────────────────────────────
  SOURCE           RESOURCE                                  HELM STATE    LIVE EVIDENCE                                
────────────────────────────────────────────────────────────────────────────────────────────────────────────────────────
▎ pre-install,     Job/timesheet-backend-migrate             Running ·     Completed event · object no longer present   
  pre-upgrade                                                since 10:54                                                
  object           Service/timesheet-backend                 declared      not created                                  
  object           Deployment/timesheet-backend              declared      not created                                  
                                                                                                                        
                                                                                                                        
                                                                                                                        
                                                                                                                        
                                                                                                                        
                                                                                                                        
                                                                                                                        
                                                                                                                        
                                                                                                                        
                                                                                                                        
                                                                                                                        
                                                                                                                        
                                                                                                                        
                                                                                                                        
                                                                                                                        
                                                                                                                        
                                                                                                                        
                                                                                                                        
                                                                                                                        
                                                                                                                        
                                                                                                                        
                                                                                                                        
────────────────────────────────────────────────────────────────────────────────────────────────────────────────────────
   HELM  ↑↓ move                                                cleanup: before-hook-creation, hook-succeeded   ? help  