  [1;38;2;240;240;250mkute[m[38;2;51;51;74m │ [m[38;2;103;103;128mdev[m[38;2;68;68;92m › [m[38;2;216;216;232mtimesheet[m[38;2;68;68;92m › [m[38;2;103;103;128mHelm Releases[m[38;2;68;68;92m › [m[1;38;2;240;240;250mtimesheet-backend[m                                        [38;2;52;209;123m● connected · 12ms[m  
[38;2;68;68;92m────────────────────────────────────────────────────────────────────────────────────────────────────────────────────────[m
  [1;38;2;232;199;74mpending-install[m[38;2;103;103;128m · revision 1 · updated 1h ago · Initial install underway[m                                              
  [38;2;232;199;74m▲ Helm still records Job/timesheet-backend-migrate as Running, but Kubernetes reports it Completed and the object is[m  
  [38;2;232;199;74mgone · the Helm transaction was not finalized[m                                                                         
[38;2;51;51;74m────────────────────────────────────────────────────────────────────────────────────────────────────────────────────────[m
  [1;38;2;85;85;110mSOURCE[m           [1;38;2;85;85;110mRESOURCE[m                                  [1;38;2;85;85;110mHELM STATE[m    [1;38;2;85;85;110mLIVE EVIDENCE[m                                
[38;2;28;28;44m────────────────────────────────────────────────────────────────────────────────────────────────────────────────────────[m
[38;2;196;181;253;48;2;29;22;51m▎[m[48;2;29;22;51m [m[38;2;232;199;74;48;2;29;22;51mpre-install,   [m[48;2;29;22;51m  [m[38;2;216;216;232;48;2;29;22;51mJob/timesheet-backend-migrate           [m[48;2;29;22;51m  [m[38;2;103;103;128;48;2;29;22;51mRunning ·   [m[48;2;29;22;51m  [m[38;2;232;199;74;48;2;29;22;51mCompleted event · object no longer present [m[48;2;29;22;51m  [m
[48;2;29;22;51m  [m[38;2;232;199;74;48;2;29;22;51mpre-upgrade    [m[48;2;29;22;51m  [m[38;2;216;216;232;48;2;29;22;51m                                        [m[48;2;29;22;51m  [m[38;2;103;103;128;48;2;29;22;51msince 10:54 [m[48;2;29;22;51m  [m[38;2;232;199;74;48;2;29;22;51m                                           [m[48;2;29;22;51m  [m
  [38;2;167;139;250mobject         [m  [38;2;216;216;232mService/timesheet-backend               [m  [38;2;103;103;128mdeclared    [m  [38;2;239;138;138mnot created                                [m  
  [38;2;167;139;250mobject         [m  [38;2;216;216;232mDeployment/timesheet-backend            [m  [38;2;103;103;128mdeclared    [m  [38;2;239;138;138mnot created                                [m  
                                                                                                                        
                                                                                                                        
                                                                                                                        
                                                                                                                        
                                                                                                                        
                                                                                                                        
                                                                                                                        
                                                                                                                        
                                                                                                                        
                                                                                                                        
                                                                                                                        
                                                                                                                        
                                                                                                                        
                                                                                                                        
                                                                                                                        
                                                                                                                        
                                                                                                                        
                                                                                                                        
                                                                                                                        
                                                                                                                        
                                                                                                                        
                                                                                                                        
[38;2;68;68;92m────────────────────────────────────────────────────────────────────────────────────────────────────────────────────────[m
  [38;2;167;139;250;48;2;29;22;51m HELM [m [38;2;167;139;250m↑↓[m[38;2;103;103;128m move[m                                                [38;2;103;103;128mcleanup: before-hook-creation, hook-succeeded[m   [38;2;167;139;250m?[m[38;2;103;103;128m help[m  