  [1;38;2;107;70;217mkute[0m[38;2;179;179;198m │ [0m[38;2;138;138;158mtest-cluster[0m[38;2;179;179;198m › [0m[1;38;2;20;20;28mCluster Overview[0m[38;2;154;154;174m  cluster-scoped[0m                                            [38;2;20;138;78m● connected · 12ms[0m  
[38;2;179;179;198m────────────────────────────────────────────────────────────────────────────────────────────────────────────────────────[0m
  [38;2;204;58;58m✕ 2 failing[0m   [38;2;168;123;10m◐ 2 pending[0m                                                 [38;2;138;138;158mv1.30.2 · 5 nodes · 11 pods · 4 namespaces[0m  
[38;2;198;198;211m────────────────────────────────────────────────────────────────────────────────────────────────────────────────────────[0m
[1;38;2;154;154;174mCAPACITY[0m                                                      [1;38;2;154;154;174mTROUBLE[0m                                                   
[38;2;138;138;158mcpu  [0m[38;2;107;70;217m▌▌▌▌[0m[38;2;226;227;236m░░░░░░░░[0m [38;2;138;138;158m6000m / 20000m[0m                                [38;2;204;58;58m✕[0m   [38;2;160;44;44mworker-1[0m                [38;2;138;138;158mnva-prod[0m    [38;2;86;86;104mCrashLoopBack…[0m  
[38;2;138;138;158mmem  [0m[38;2;107;70;217m▌▌▌▌▌[0m[38;2;226;227;236m░░░░░░░[0m [38;2;138;138;158m28.5Gi / 80.0Gi[0m                               [38;2;168;123;10m◐[0m   [38;2;160;44;44mweb-2[0m                   [38;2;138;138;158mnva-stage[0m   [38;2;86;86;104mPending[0m         
[38;2;138;138;158mpods [0m[38;2;107;70;217m▌[0m[38;2;226;227;236m░░░░░░░░░░░[0m [38;2;138;138;158m11 / 550[0m                                                                                              
                                                              [1;38;2;154;154;174mRECENT CHANGES[0m                                            
[1;38;2;154;154;174mNODES[0m                                                           [38;2;138;138;158m14:32[0m  [38;2;107;70;217m⇅[0m   [38;2;42;42;56mDeployment/nva-worker[0m      [38;2;86;86;104mrevision 4 · nv…[0m  
[38;2;107;70;217;48;2;236;229;251m▎[0m[48;2;236;229;251m [0m[38;2;204;58;58m✕[0m[48;2;236;229;251m [0m[48;2;236;229;251m  [0m[38;2;42;42;56mnode-d[0m[48;2;236;229;251m                                [0m[48;2;236;229;251m  [0m[38;2;138;138;158mNotReady[0m[48;2;236;229;251m    [0m[48;2;236;229;251m  [0m    [38;2;138;138;158m14:18[0m  [38;2;107;70;217m⇅[0m   [38;2;42;42;56mDeployment/nva-web[0m         [38;2;86;86;104mrevision 2 · nv…[0m  
  [38;2;168;123;10m◐[0m   [38;2;42;42;56mnode-c[0m                                  [38;2;138;138;158mMemPressure[0m                                                               
[38;2;179;179;198m+ 3 ready[0m                                                                                                               
                                                                                                                        
                                                                                                                        
                                                                                                                        
                                                                                                                        
                                                                                                                        
                                                                                                                        
                                                                                                                        
                                                                                                                        
                                                                                                                        
                                                                                                                        
                                                                                                                        
                                                                                                                        
                                                                                                                        
                                                                                                                        
                                                                                                                        
                                                                                                                        
                                                                                                                        
                                                                                                                        
                                                                                                                        
                                                                                                                        
                                                                                                                        
[38;2;179;179;198m────────────────────────────────────────────────────────────────────────────────────────────────────────────────────────[0m
  [38;2;107;70;217;48;2;236;229;251m OVERVIEW [0m [38;2;107;70;217mesc[0m[38;2;138;138;158m back[0m[38;2;213;215;224m │ [0m[38;2;107;70;217m↹[0m[38;2;138;138;158m next panel[0m  [38;2;107;70;217m↵[0m[38;2;138;138;158m open[0m[38;2;213;215;224m │ [0m[38;2;107;70;217mt[0m[38;2;138;138;158m timeline[0m  [38;2;107;70;217me[0m[38;2;138;138;158m events[0m                                             [38;2;107;70;217m?[0m[38;2;138;138;158m help[0m  