  [1;38;2;167;139;250mkute[0m[38;2;68;68;92m │ [0m[38;2;103;103;128mtest-cluster[0m[38;2;68;68;92m › [0m[1;38;2;240;240;250mCluster Overview[0m[38;2;85;85;110m  cluster-scoped[0m                                            [38;2;52;209;123m● connected · 12ms[0m  
[38;2;68;68;92m────────────────────────────────────────────────────────────────────────────────────────────────────────────────────────[0m
  [38;2;239;105;105m✕ 2 failing[0m   [38;2;232;199;73m◐ 2 pending[0m                                                 [38;2;103;103;128mv1.30.2 · 5 nodes · 11 pods · 4 namespaces[0m  
[38;2;51;51;73m────────────────────────────────────────────────────────────────────────────────────────────────────────────────────────[0m
[1;38;2;85;85;110mCAPACITY[0m                                                      [1;38;2;85;85;110mTROUBLE[0m                                                   
[38;2;103;103;128mcpu  [0m[38;2;167;139;250m▮▮▮▮[0m[38;2;28;28;44m▯▯▯▯▯▯▯▯[0m [38;2;103;103;128m6000m / 20000m[0m                                [38;2;239;105;105m✕[0m   [38;2;240;183;183mworker-1[0m                [38;2;103;103;128mnva-prod[0m    [38;2;154;154;178mCrashLoopBack…[0m  
[38;2;103;103;128mmem  [0m[38;2;167;139;250m▮▮▮▮▮[0m[38;2;28;28;44m▯▯▯▯▯▯▯[0m [38;2;103;103;128m28.5Gi / 80.0Gi[0m                               [38;2;232;199;73m◐[0m   [38;2;240;183;183mweb-2[0m                   [38;2;103;103;128mnva-stage[0m   [38;2;154;154;178mPending[0m         
[38;2;103;103;128mpods [0m[38;2;167;139;250m▮[0m[38;2;28;28;44m▯▯▯▯▯▯▯▯▯▯▯[0m [38;2;103;103;128m11 / 550[0m                                                                                              
                                                              [1;38;2;85;85;110mRECENT CHANGES[0m                                            
[1;38;2;85;85;110mNODES[0m                                                           [38;2;103;103;128m14:32[0m  [38;2;167;139;250m⇅[0m   [38;2;216;216;232mDeployment/nva-worker[0m      [38;2;154;154;178mrevision 4 · nv…[0m  
[38;2;167;139;250;48;2;29;22;51m▎[0m[48;2;29;22;51m [0m[38;2;239;105;105m✕[0m[48;2;29;22;51m [0m[48;2;29;22;51m  [0m[38;2;216;216;232mnode-d[0m[48;2;29;22;51m                                [0m[48;2;29;22;51m  [0m[38;2;103;103;128mNotReady[0m[48;2;29;22;51m    [0m[48;2;29;22;51m  [0m    [38;2;103;103;128m14:18[0m  [38;2;167;139;250m⇅[0m   [38;2;216;216;232mDeployment/nva-web[0m         [38;2;154;154;178mrevision 2 · nv…[0m  
  [38;2;232;199;73m◐[0m   [38;2;216;216;232mnode-c[0m                                  [38;2;103;103;128mMemPressure[0m                                                               
[38;2;68;68;92m+ 3 ready[0m                                                                                                               
                                                                                                                        
                                                                                                                        
                                                                                                                        
                                                                                                                        
                                                                                                                        
                                                                                                                        
                                                                                                                        
                                                                                                                        
                                                                                                                        
                                                                                                                        
                                                                                                                        
                                                                                                                        
                                                                                                                        
                                                                                                                        
                                                                                                                        
                                                                                                                        
                                                                                                                        
                                                                                                                        
                                                                                                                        
                                                                                                                        
                                                                                                                        
[38;2;68;68;92m────────────────────────────────────────────────────────────────────────────────────────────────────────────────────────[0m
  [38;2;167;139;250;48;2;29;22;51m OVERVIEW [0m [38;2;167;139;250mesc[0m[38;2;103;103;128m back[0m[38;2;38;38;58m │ [0m[38;2;167;139;250m↹[0m[38;2;103;103;128m next panel[0m  [38;2;167;139;250m↵[0m[38;2;103;103;128m open[0m[38;2;38;38;58m │ [0m[38;2;167;139;250mt[0m[38;2;103;103;128m timeline[0m  [38;2;167;139;250me[0m[38;2;103;103;128m events[0m                                             [38;2;167;139;250m?[0m[38;2;103;103;128m help[0m  