  [1;38;2;167;139;250mkute[0m[38;2;68;68;92m │ [0m[38;2;103;103;128mtest-cluster[0m[38;2;68;68;92m › [0m[38;2;167;139;250maim-stage[0m[38;2;68;68;92m › [0m[38;2;154;154;178msecret/aim-secrets[0m[38;2;68;68;92m › [0m[1;38;2;240;240;250mData[0m                                       [38;2;52;209;123m● connected · 12ms[0m  
[38;2;68;68;92m────────────────────────────────────────────────────────────────────────────────────────────────────────────────────────[0m
  [38;2;216;216;232mOpaque · 3 keys[0m                                                     [38;2;85;85;110mvalues decode in memory only · re-masked on exit[0m  
[38;2;51;51;73m────────────────────────────────────────────────────────────────────────────────────────────────────────────────────────[0m
  [38;2;85;85;110mKEY[0m                         [38;2;85;85;110mVALUE[0m                                                                               [38;2;85;85;110mSIZE[0m  
[38;2;167;139;250;48;2;29;22;51m›[0m[48;2;29;22;51m [0m[48;2;29;22;51m[0m[38;2;240;240;250;48;2;29;22;51mAPI_TOKEN[0m[48;2;29;22;51m                   [0m[38;2;85;85;110;48;2;29;22;51m••••••••••••••••[0m[48;2;29;22;51m                                                             [0m[48;2;29;22;51m  [0m[48;2;29;22;51m     [0m[38;2;103;103;128;48;2;29;22;51m38 B[0m  
  [38;2;240;240;250mDATABASE_URL[0m                [38;2;85;85;110m••••••••••••••••[0m                                                                    [38;2;103;103;128m46 B[0m  
  [38;2;240;240;250mSMTP_USER[0m                   [38;2;85;85;110m••••••••••••••••[0m                                                                    [38;2;103;103;128m16 B[0m  
[38;2;68;68;92m+ a add key[0m                                                                                                             
                                                                                                                        
                                                                                                                        
                                                                                                                        
                                                                                                                        
                                                                                                                        
                                                                                                                        
                                                                                                                        
                                                                                                                        
                                                                                                                        
                                                                                                                        
                                                                                                                        
                                                                                                                        
                                                                                                                        
                                                                                                                        
                                                                                                                        
                                                                                                                        
                                                                                                                        
                                                                                                                        
                                                                                                                        
                                                                                                                        
                                                                                                                        
                                                                                                                        
                                                                                                                        
                                                                                                                        
                                                                                                                        
[38;2;68;68;92m────────────────────────────────────────────────────────────────────────────────────────────────────────────────────────[0m
  [38;2;167;139;250;48;2;29;22;51m DATA [0m [38;2;167;139;250mesc[0m[38;2;103;103;128m back[0m  [38;2;167;139;250m↑↓[0m[38;2;103;103;128m move[0m[38;2;38;38;58m │ [0m[38;2;167;139;250m↵[0m[38;2;103;103;128m edit[0m  [38;2;167;139;250ma[0m[38;2;103;103;128m add key[0m  [38;2;167;139;250mctrl-d[0m[38;2;103;103;128m remove key[0m                                               [38;2;167;139;250m?[0m[38;2;103;103;128m help[0m  