  [1;38;2;107;70;217mkute[0m[38;2;179;179;198m │ [0m[38;2;138;138;158mtest-cluster[0m[38;2;179;179;198m › [0m[38;2;107;70;217maim-stage[0m[38;2;179;179;198m › [0m[38;2;86;86;104msecret/aim-secrets[0m[38;2;179;179;198m › [0m[1;38;2;20;20;28mData[0m                                       [38;2;20;138;78m● connected · 12ms[0m  
[38;2;179;179;198m────────────────────────────────────────────────────────────────────────────────────────────────────────────────────────[0m
  [38;2;42;42;56mOpaque · 3 keys[0m                                                     [38;2;154;154;174mvalues decode in memory only · re-masked on exit[0m  
[38;2;198;198;211m────────────────────────────────────────────────────────────────────────────────────────────────────────────────────────[0m
  [38;2;154;154;174mKEY[0m                         [38;2;154;154;174mVALUE[0m                                                                               [38;2;154;154;174mSIZE[0m  
[38;2;107;70;217;48;2;236;229;251m›[0m[48;2;236;229;251m [0m[48;2;236;229;251m[0m[38;2;20;20;28;48;2;236;229;251mAPI_TOKEN[0m[48;2;236;229;251m                   [0m[38;2;154;154;174;48;2;236;229;251m••••••••••••••••[0m[48;2;236;229;251m                                                             [0m[48;2;236;229;251m  [0m[48;2;236;229;251m     [0m[38;2;138;138;158;48;2;236;229;251m38 B[0m  
  [38;2;20;20;28mDATABASE_URL[0m                [38;2;154;154;174m••••••••••••••••[0m                                                                    [38;2;138;138;158m46 B[0m  
  [38;2;20;20;28mSMTP_USER[0m                   [38;2;154;154;174m••••••••••••••••[0m                                                                    [38;2;138;138;158m16 B[0m  
[38;2;179;179;198m+ a add key[0m                                                                                                             
                                                                                                                        
                                                                                                                        
                                                                                                                        
                                                                                                                        
                                                                                                                        
                                                                                                                        
                                                                                                                        
                                                                                                                        
                                                                                                                        
                                                                                                                        
                                                                                                                        
                                                                                                                        
                                                                                                                        
                                                                                                                        
                                                                                                                        
                                                                                                                        
                                                                                                                        
                                                                                                                        
                                                                                                                        
                                                                                                                        
                                                                                                                        
                                                                                                                        
                                                                                                                        
                                                                                                                        
                                                                                                                        
[38;2;179;179;198m────────────────────────────────────────────────────────────────────────────────────────────────────────────────────────[0m
  [38;2;107;70;217;48;2;236;229;251m DATA [0m [38;2;107;70;217mesc[0m[38;2;138;138;158m back[0m  [38;2;107;70;217m↑↓[0m[38;2;138;138;158m move[0m[38;2;213;215;224m │ [0m[38;2;107;70;217m↵[0m[38;2;138;138;158m edit[0m  [38;2;107;70;217ma[0m[38;2;138;138;158m add key[0m  [38;2;107;70;217mctrl-d[0m[38;2;138;138;158m remove key[0m                                               [38;2;107;70;217m?[0m[38;2;138;138;158m help[0m  